Component: ARM Compiler 5.06 update 1 (build 61) Tool: armlink [4d35a8]

==============================================================================

Section Cross References

    system_stm32f10x.o(i.SetSysClock) refers to system_stm32f10x.o(i.SetSysClockTo72) for SetSysClockTo72
    system_stm32f10x.o(i.SystemCoreClockUpdate) refers to system_stm32f10x.o(.data) for SystemCoreClock
    system_stm32f10x.o(i.SystemInit) refers to system_stm32f10x.o(i.SetSysClock) for SetSysClock
    stm32f10x_adc.o(i.ADC_DeInit) refers to stm32f10x_rcc.o(i.RCC_APB2PeriphResetCmd) for RCC_APB2PeriphResetCmd
    stm32f10x_bkp.o(i.BKP_DeInit) refers to stm32f10x_rcc.o(i.RCC_BackupResetCmd) for RCC_BackupResetCmd
    stm32f10x_can.o(i.CAN_DeInit) refers to stm32f10x_rcc.o(i.RCC_APB1PeriphResetCmd) for RCC_APB1PeriphResetCmd
    stm32f10x_can.o(i.CAN_GetITStatus) refers to stm32f10x_can.o(i.CheckITStatus) for CheckITStatus
    stm32f10x_cec.o(i.CEC_DeInit) refers to stm32f10x_rcc.o(i.RCC_APB1PeriphResetCmd) for RCC_APB1PeriphResetCmd
    stm32f10x_dac.o(i.DAC_DeInit) refers to stm32f10x_rcc.o(i.RCC_APB1PeriphResetCmd) for RCC_APB1PeriphResetCmd
    stm32f10x_flash.o(i.FLASH_EnableWriteProtection) refers to stm32f10x_flash.o(i.FLASH_WaitForLastOperation) for FLASH_WaitForLastOperation
    stm32f10x_flash.o(i.FLASH_EraseAllBank1Pages) refers to stm32f10x_flash.o(i.FLASH_WaitForLastBank1Operation) for FLASH_WaitForLastBank1Operation
    stm32f10x_flash.o(i.FLASH_EraseAllPages) refers to stm32f10x_flash.o(i.FLASH_WaitForLastOperation) for FLASH_WaitForLastOperation
    stm32f10x_flash.o(i.FLASH_EraseOptionBytes) refers to stm32f10x_flash.o(i.FLASH_GetReadOutProtectionStatus) for FLASH_GetReadOutProtectionStatus
    stm32f10x_flash.o(i.FLASH_EraseOptionBytes) refers to stm32f10x_flash.o(i.FLASH_WaitForLastOperation) for FLASH_WaitForLastOperation
    stm32f10x_flash.o(i.FLASH_ErasePage) refers to stm32f10x_flash.o(i.FLASH_WaitForLastOperation) for FLASH_WaitForLastOperation
    stm32f10x_flash.o(i.FLASH_ProgramHalfWord) refers to stm32f10x_flash.o(i.FLASH_WaitForLastOperation) for FLASH_WaitForLastOperation
    stm32f10x_flash.o(i.FLASH_ProgramOptionByteData) refers to stm32f10x_flash.o(i.FLASH_WaitForLastOperation) for FLASH_WaitForLastOperation
    stm32f10x_flash.o(i.FLASH_ProgramWord) refers to stm32f10x_flash.o(i.FLASH_WaitForLastOperation) for FLASH_WaitForLastOperation
    stm32f10x_flash.o(i.FLASH_ReadOutProtection) refers to stm32f10x_flash.o(i.FLASH_WaitForLastOperation) for FLASH_WaitForLastOperation
    stm32f10x_flash.o(i.FLASH_UserOptionByteConfig) refers to stm32f10x_flash.o(i.FLASH_WaitForLastOperation) for FLASH_WaitForLastOperation
    stm32f10x_flash.o(i.FLASH_WaitForLastBank1Operation) refers to stm32f10x_flash.o(i.FLASH_GetBank1Status) for FLASH_GetBank1Status
    stm32f10x_flash.o(i.FLASH_WaitForLastOperation) refers to stm32f10x_flash.o(i.FLASH_GetBank1Status) for FLASH_GetBank1Status
    stm32f10x_gpio.o(i.GPIO_AFIODeInit) refers to stm32f10x_rcc.o(i.RCC_APB2PeriphResetCmd) for RCC_APB2PeriphResetCmd
    stm32f10x_gpio.o(i.GPIO_DeInit) refers to stm32f10x_rcc.o(i.RCC_APB2PeriphResetCmd) for RCC_APB2PeriphResetCmd
    stm32f10x_i2c.o(i.I2C_DeInit) refers to stm32f10x_rcc.o(i.RCC_APB1PeriphResetCmd) for RCC_APB1PeriphResetCmd
    stm32f10x_i2c.o(i.I2C_Init) refers to stm32f10x_rcc.o(i.RCC_GetClocksFreq) for RCC_GetClocksFreq
    stm32f10x_pwr.o(i.PWR_DeInit) refers to stm32f10x_rcc.o(i.RCC_APB1PeriphResetCmd) for RCC_APB1PeriphResetCmd
    stm32f10x_rcc.o(i.RCC_GetClocksFreq) refers to stm32f10x_rcc.o(.data) for APBAHBPrescTable
    stm32f10x_rcc.o(i.RCC_WaitForHSEStartUp) refers to stm32f10x_rcc.o(i.RCC_GetFlagStatus) for RCC_GetFlagStatus
    stm32f10x_rtc.o(i.RTC_SetAlarm) refers to stm32f10x_rtc.o(i.RTC_EnterConfigMode) for RTC_EnterConfigMode
    stm32f10x_rtc.o(i.RTC_SetAlarm) refers to stm32f10x_rtc.o(i.RTC_ExitConfigMode) for RTC_ExitConfigMode
    stm32f10x_rtc.o(i.RTC_SetCounter) refers to stm32f10x_rtc.o(i.RTC_EnterConfigMode) for RTC_EnterConfigMode
    stm32f10x_rtc.o(i.RTC_SetCounter) refers to stm32f10x_rtc.o(i.RTC_ExitConfigMode) for RTC_ExitConfigMode
    stm32f10x_rtc.o(i.RTC_SetPrescaler) refers to stm32f10x_rtc.o(i.RTC_EnterConfigMode) for RTC_EnterConfigMode
    stm32f10x_rtc.o(i.RTC_SetPrescaler) refers to stm32f10x_rtc.o(i.RTC_ExitConfigMode) for RTC_ExitConfigMode
    stm32f10x_spi.o(i.I2S_Init) refers to stm32f10x_rcc.o(i.RCC_GetClocksFreq) for RCC_GetClocksFreq
    stm32f10x_spi.o(i.SPI_I2S_DeInit) refers to stm32f10x_rcc.o(i.RCC_APB2PeriphResetCmd) for RCC_APB2PeriphResetCmd
    stm32f10x_spi.o(i.SPI_I2S_DeInit) refers to stm32f10x_rcc.o(i.RCC_APB1PeriphResetCmd) for RCC_APB1PeriphResetCmd
    stm32f10x_tim.o(i.TIM_DeInit) refers to stm32f10x_rcc.o(i.RCC_APB2PeriphResetCmd) for RCC_APB2PeriphResetCmd
    stm32f10x_tim.o(i.TIM_DeInit) refers to stm32f10x_rcc.o(i.RCC_APB1PeriphResetCmd) for RCC_APB1PeriphResetCmd
[...]
    bp                                       0x0800a1c8   Data          16  pow.o(.constdata)
    dp_h                                     0x0800a1d8   Data          16  pow.o(.constdata)
    dp_l                                     0x0800a1e8   Data          16  pow.o(.constdata)
    L                                        0x0800a1f8   Data          48  pow.o(.constdata)
    P                                        0x0800a228   Data          40  pow.o(.constdata)
    .constdata                               0x0800a250   Section      152  atan.o(.constdata)
    atanhi                                   0x0800a250   Data          32  atan.o(.constdata)
    atanlo                                   0x0800a270   Data          32  atan.o(.constdata)
    aTodd                                    0x0800a290   Data          40  atan.o(.constdata)
    aTeven                                   0x0800a2b8   Data          48  atan.o(.constdata)
    .constdata                               0x0800a2e8   Section        8  qnan.o(.constdata)
    .constdata                               0x0800a2f0   Section      129  ctype_o.o(.constdata)
    .constdata                               0x0800a374   Section        4  ctype_o.o(.constdata)
    table                                    0x0800a374   Data           4  ctype_o.o(.constdata)
    .conststring                             0x0800a378   Section       77  inv_mpu.o(.conststring)
    .data                                    0x20000000   Section       20  system_stm32f10x.o(.data)
    .data                                    0x20000014   Section       20  stm32f10x_rcc.o(.data)
    APBAHBPrescTable                         0x20000014   Data          16  stm32f10x_rcc.o(.data)
    ADCPrescTable                            0x20000024   Data           4  stm32f10x_rcc.o(.data)
    .data                                    0x20000028   Section       65  main.o(.data)
    .data                                    0x2000006a   Section        4  delay.o(.data)
    fac_us                                   0x2000006a   Data           1  delay.o(.data)
    fac_ms                                   0x2000006c   Data           2  delay.o(.data)
    .data                                    0x20000070   Section        4  timer3.o(.data)
    RunTime                                  0x20000070   Data           4  timer3.o(.data)
    .data                                    0x20000074   Section        8  uart.o(.data)
    .data                                    0x2000007c   Section        4  atgps.o(.data)
    .data                                    0x20000080   Section     1024  oled.o(.data)
    .data                                    0x20000480   Section        5  max30100.o(.data)
    .data                                    0x20000488   Section       20  max30100_beatdetector.o(.data)
    .data                                    0x2000049c   Section        8  max30100_filters.o(.data)
    .data                                    0x200004a4   Section       51  max30100_pulseoximeter.o(.data)
    .data                                    0x200004d8   Section       61  max30100_spo2calculator.o(.data)
    .data                                    0x20000516   Section        4  m6312.o(.data)
    .data                                    0x2000051c   Section       53  inv_mpu.o(.data)
    st                                       0x2000051c   Data          44  inv_mpu.o(.data)
    gyro_orientation                         0x20000548   Data           9  inv_mpu.o(.data)
    .data                                    0x20000554   Section        4  mvars.o(.data)
    .data                                    0x20000558   Section        4  mvars.o(.data)
    .data                                    0x2000055c   Section        4  errno.o(.data)
    _errno                                   0x2000055c   Data           4  errno.o(.data)
    .bss                                     0x20000560   Section       46  main.o(.bss)
    .bss                                     0x2000058e   Section      321  atgps.o(.bss)
    .bss                                     0x200006cf   Section      256  m6312.o(.bss)
    .bss                                     0x200007d0   Section       16  inv_mpu_dmp_motion_driver.o(.bss)
    dmp                                      0x200007d0   Data          16  inv_mpu_dmp_motion_driver.o(.bss)
    HEAP                                     0x200007e0   Section      512  startup_stm32f10x_md.o(HEAP)
    STACK                                    0x200009e0   Section     1024  startup_stm32f10x_md.o(STACK)

    Global Symbols

    Symbol Name                              Value     Ov Type        Size  Object(Section)

    BuildAttributes$$THM_ISAv4$P$D$K$B$S$PE$A:L22UL41UL21$X:L11$S22US41US21$IEEE1$IW$USESV6$~STKCKD$USESV7$~SHL$OTIME$ROPI$IEEEX$EBA8$MICROLIB$REQ8$PRES8$EABIv2 0x00000000   Number         0  anon$$obj.o ABSOLUTE
    __ARM_use_no_argv                        0x00000000   Number         0  main.o ABSOLUTE
    __use_no_errno                           0x00000000   Number         0  useno.o ABSOLUTE
    __use_no_exception_handling              0x00000000   Number         0  useno.o ABSOLUTE
    __use_no_fp                              0x00000000   Number         0  useno.o ABSOLUTE
    __use_no_heap                            0x00000000   Number         0  useno.o ABSOLUTE
    __use_no_heap_region                     0x00000000   Number         0  useno.o ABSOLUTE
    __use_no_semihosting                     0x00000000   Number         0  useno.o ABSOLUTE
    __use_no_semihosting_swi                 0x00000000   Number         0  useno.o ABSOLUTE
    __use_no_signal_handling                 0x00000000   Number         0  useno.o ABSOLUTE
    _printf_a                                0x00000000   Number         0  stubs.o ABSOLUTE
    _printf_c                                0x00000000   Number         0  stubs.o ABSOLUTE
    _printf_charcount                        0x00000000   Number         0  stubs.o ABSOLUTE
    _printf_d                                0x00000000   Number         0  stubs.o ABSOLUTE
    _printf_e                                0x00000000   Number         0  stubs.o ABSOLUTE
    _printf_f                                0x00000000   Number         0  stubs.o ABSOLUTE
    _printf_flags                            0x00000000   Number         0  stubs.o ABSOLUTE
    _printf_fp_dec                           0x00000000   Number         0  stubs.o ABSOLUTE
    _printf_fp_hex                           0x00000000   Number         0  stubs.o ABSOLUTE
    _printf_g                                0x00000000   Number         0  stubs.o ABSOLUTE
    _printf_i                                0x00000000   Number         0  stubs.o ABSOLUTE
    _printf_int_dec                          0x00000000   Number         0  stubs.o ABSOLUTE
    _printf_l                                0x00000000   Number         0  stubs.o ABSOLUTE
    _printf_lc                               0x00000000   Number         0  stubs.o ABSOLUTE
    _printf_ll                               0x00000000   Number         0  stubs.o ABSOLUTE
    _printf_lld                              0x00000000   Number         0  stubs.o ABSOLUTE
    _printf_lli                              0x00000000   Number         0  stubs.o ABSOLUTE
    _printf_llo                              0x00000000   Number         0  stubs.o ABSOLUTE
    _printf_llu                              0x00000000   Number         0  stubs.o ABSOLUTE
    _printf_llx                              0x00000000   Number         0  stubs.o ABSOLUTE
    _printf_longlong_dec                     0x00000000   Number         0  stubs.o ABSOLUTE
    _printf_longlong_hex                     0x00000000   Number         0  stubs.o ABSOLUTE
    _printf_longlong_oct                     0x00000000   Number         0  stubs.o ABSOLUTE
    _printf_ls                               0x00000000   Number         0  stubs.o ABSOLUTE
    _printf_mbtowc                           0x00000000   Number         0  stubs.o ABSOLUTE
    _printf_n                                0x00000000   Number         0  stubs.o ABSOLUTE
    _printf_o                                0x00000000   Number         0  stubs.o ABSOLUTE
    _printf_p                                0x00000000   Number         0  stubs.o ABSOLUTE
    _printf_percent                          0x00000000   Number         0  stubs.o ABSOLUTE
    _printf_pre_padding                      0x00000000   Number         0  stubs.o ABSOLUTE
    _printf_return_value                     0x00000000   Number         0  stubs.o ABSOLUTE
    _printf_s                                0x00000000   Number         0  stubs.o ABSOLUTE
    _printf_sizespec                         0x00000000   Number         0  stubs.o ABSOLUTE
    _printf_str                              0x00000000   Number         0  stubs.o ABSOLUTE
    _printf_truncate_signed                  0x00000000   Number         0  stubs.o ABSOLUTE
    _printf_truncate_unsigned                0x00000000   Number         0  stubs.o ABSOLUTE
    _printf_u                                0x00000000   Number         0  stubs.o ABSOLUTE
    _printf_wc                               0x00000000   Number         0  stubs.o ABSOLUTE
    _printf_wctomb                           0x00000000   Number         0  stubs.o ABSOLUTE
    _printf_widthprec                        0x00000000   Number         0  stubs.o ABSOLUTE
    _printf_x                                0x00000000   Number         0  stubs.o ABSOLUTE
    __cpp_initialize__aeabi_                  - Undefined Weak Reference
    __cxa_finalize                            - Undefined Weak Reference
    _clock_init                               - Undefined Weak Reference
    _microlib_exit                            - Undefined Weak Reference
    __Vectors_Size                           0x000000ec   Number         0  startup_stm32f10x_md.o ABSOLUTE
    __Vectors                                0x08000000   Data           4  startup_stm32f10x_md.o(RESET)
    __Vectors_End                            0x080000ec   Data           0  startup_stm32f10x_md.o(RESET)
    __main                                   0x080000ed   Thumb Code     0  entry.o(.ARM.Collect$$$$00000000)
    _main_stk                                0x080000ed   Thumb Code     0  entry2.o(.ARM.Collect$$$$00000001)
    _main_scatterload                        0x080000f1   Thumb Code     0  entry5.o(.ARM.Collect$$$$00000004)
    __main_after_scatterload                 0x080000f5   Thumb Code     0  entry5.o(.ARM.Collect$$$$00000004)
    _main_clock                              0x080000f5   Thumb Code     0  entry7b.o(.ARM.Collect$$$$00000008)
    _main_cpp_init                           0x080000f5   Thumb Code     0  entry8b.o(.ARM.Collect$$$$0000000A)
    _main_init                               0x080000f5   Thumb Code     0  entry9a.o(.ARM.Collect$$$$0000000B)
    __rt_final_cpp                           0x080000fd   Thumb Code     0  entry10a.o(.ARM.Collect$$$$0000000D)
    __rt_final_exit                          0x080000fd   Thumb Code     0  entry11a.o(.ARM.Collect$$$$0000000F)
    Reset_Handler                            0x08000101   Thumb Code     8  startup_stm32f10x_md.o(.text)
    SysTick_Handler                          0x08000119   Thumb Code     2  startup_stm32f10x_md.o(.text)
    ADC1_2_IRQHandler                        0x0800011b   Thumb Code     0  startup_stm32f10x_md.o(.text)
    CAN1_RX1_IRQHandler                      0x0800011b   Thumb Code     0  startup_stm32f10x_md.o(.text)
    CAN1_SCE_IRQHandler                      0x0800011b   Thumb Code     0  startup_stm32f10x_md.o(.text)
    DMA1_Channel1_IRQHandler                 0x0800011b   Thumb Code     0  startup_stm32f10x_md.o(.text)
    DMA1_Channel2_IRQHandler                 0x0800011b   Thumb Code     0  startup_stm32f10x_md.o(.text)
    DMA1_Channel3_IRQHandler                 0x0800011b   Thumb Code     0  startup_stm32f10x_md.o(.text)
    DMA1_Channel4_IRQHandler                 0x0800011b   Thumb Code     0  startup_stm32f10x_md.o(.text)
    DMA1_Channel5_IRQHandler                 0x0800011b   Thumb Code     0  startup_stm32f10x_md.o(.text)
    DMA1_Channel6_IRQHandler                 0x0800011b   Thumb Code     0  startup_stm32f10x_md.o(.text)
    DMA1_Channel7_IRQHandler                 0x0800011b   Thumb Code     0  startup_stm32f10x_md.o(.text)
    EXTI0_IRQHandler                         0x0800011b   Thumb Code     0  startup_stm32f10x_md.o(.text)
    EXTI15_10_IRQHandler                     0x0800011b   Thumb Code     0  startup_stm32f10x_md.o(.text)
    EXTI1_IRQHandler                         0x0800011b   Thumb Code     0  startup_stm32f10x_md.o(.text)
    EXTI2_IRQHandler                         0x0800011b   Thumb Code     0  startup_stm32f10x_md.o(.text)
    EXTI3_IRQHandler                         0x0800011b   Thumb Code     0  startup_stm32f10x_md.o(.text)
    EXTI4_IRQHandler                         0x0800011b   Thumb Code     0  startup_stm32f10x_md.o(.text)
    EXTI9_5_IRQHandler                       0x0800011b   Thumb Code     0  startup_stm32f10x_md.o(.text)
    FLASH_IRQHandler                         0x0800011b   Thumb Code     0  startup_stm32f10x_md.o(.text)
    I2C1_ER_IRQHandler                       0x0800011b   Thumb Code     0  startup_stm32f10x_md.o(.text)
    I2C1_EV_IRQHandler                       0x0800011b   Thumb Code     0  startup_stm32f10x_md.o(.text)
    I2C2_ER_IRQHandler                       0x0800011b   Thumb Code     0  startup_stm32f10x_md.o(.text)
    I2C2_EV_IRQHandler                       0x0800011b   Thumb Code     0  startup_stm32f10x_md.o(.text)
    PVD_IRQHandler                           0x0800011b   Thumb Code     0  startup_stm32f10x_md.o(.text)
    RCC_IRQHandler                           0x0800011b   Thumb Code     0  startup_stm32f10x_md.o(.text)
    RTCAlarm_IRQHandler                      0x0800011b   Thumb Code     0  startup_stm32f10x_md.o(.text)
    RTC_IRQHandler                           0x0800011b   Thumb Code     0  startup_stm32f10x_md.o(.text)
    SPI1_IRQHandler                          0x0800011b   Thumb Code     0  startup_stm32f10x_md.o(.text)
    SPI2_IRQHandler                          0x0800011b   Thumb Code     0  startup_stm32f10x_md.o(.text)
    TAMPER_IRQHandler                        0x0800011b   Thumb Code     0  startup_stm32f10x_md.o(.text)
    TIM1_BRK_IRQHandler                      0x0800011b   Thumb Code     0  startup_stm32f10x_md.o(.text)
    TIM1_CC_IRQHandler                       0x0800011b   Thumb Code     0  startup_stm32f10x_md.o(.text)
    TIM1_TRG_COM_IRQHandler                  0x0800011b   Thumb Code     0  startup_stm32f10x_md.o(.text)
    TIM1_UP_IRQHandler                       0x0800011b   Thumb Code     0  startup_stm32f10x_md.o(.text)
    TIM4_IRQHandler                          0x0800011b   Thumb Code     0  startup_stm32f10x_md.o(.text)
    USART3_IRQHandler                        0x0800011b   Thumb Code     0  startup_stm32f10x_md.o(.text)
    USBWakeUp_IRQHandler                     0x0800011b   Thumb Code     0  startup_stm32f10x_md.o(.text)
    USB_HP_CAN1_TX_IRQHandler                0x0800011b   Thumb Code     0  startup_stm32f10x_md.o(.text)
    USB_LP_CAN1_RX0_IRQHandler               0x0800011b   Thumb Code     0  startup_stm32f10x_md.o(.text)
    WWDG_IRQHandler                          0x0800011b   Thumb Code     0  startup_stm32f10x_md.o(.text)
    __aeabi_ldivmod                          0x08000125   Thumb Code    98  ldiv.o(.text)
    __aeabi_memcpy                           0x08000187   Thumb Code    36  memcpya.o(.text)
    __aeabi_memcpy4                          0x08000187   Thumb Code     0  memcpya.o(.text)
    __aeabi_memcpy8                          0x08000187   Thumb Code     0  memcpya.o(.text)
    __aeabi_memset                           0x080001ab   Thumb Code    14  memseta.o(.text)
    __aeabi_memset4                          0x080001ab   Thumb Code     0  memseta.o(.text)
    __aeabi_memset8                          0x080001ab   Thumb Code     0  memseta.o(.text)
    __aeabi_memclr                           0x080001b9   Thumb Code     4  memseta.o(.text)
    __aeabi_memclr4                          0x080001b9   Thumb Code     0  memseta.o(.text)
    __aeabi_memclr8                          0x080001b9   Thumb Code     0  memseta.o(.text)
    _memset$wrapper                          0x080001bd   Thumb Code    18  memseta.o(.text)
    strcat                                   0x080001cf   Thumb Code    24  strcat.o(.text)
    strstr                                   0x080001e7   Thumb Code    36  strstr.o(.text)
    strchr                                   0x0800020b   Thumb Code    20  strchr.o(.text)
    strlen                                   0x0800021f   Thumb Code    14  strlen.o(.text)
    memcmp                                   0x0800022d   Thumb Code    26  memcmp.o(.text)
    strncat                                  0x08000247   Thumb Code    40  strncat.o(.text)
    strcpy                                   0x0800026f   Thumb Code    18  strcpy.o(.text)
    atoi                                     0x08000281   Thumb Code    26  atoi.o(.text)
    __aeabi_fadd                             0x0800029b   Thumb Code   164  fadd.o(.text)
    __aeabi_fsub                             0x0800033f   Thumb Code     6  fadd.o(.text)
    __aeabi_frsub                            0x08000345   Thumb Code     6  fadd.o(.text)
    __aeabi_fmul                             0x0800034b   Thumb Code   100  fmul.o(.text)
    __aeabi_fdiv                             0x080003af   Thumb Code   124  fdiv.o(.text)
    __aeabi_dadd                             0x0800042b   Thumb Code   322  dadd.o(.text)
    __aeabi_dsub                             0x0800056d   Thumb Code     6  dadd.o(.text)
    __aeabi_drsub                            0x08000573   Thumb Code     6  dadd.o(.text)
    __aeabi_dmul                             0x08000579   Thumb Code   228  dmul.o(.text)
    __aeabi_ddiv                             0x0800065d   Thumb Code   222  ddiv.o(.text)
    __aeabi_i2f                              0x0800073b   Thumb Code    18  fflti.o(.text)
    __aeabi_ui2f                             0x0800074d   Thumb Code    10  ffltui.o(.text)
    __aeabi_i2d                              0x08000757   Thumb Code    34  dflti.o(.text)
    __aeabi_ui2d                             0x08000779   Thumb Code    26  dfltui.o(.text)
    __aeabi_f2iz                             0x08000793   Thumb Code    50  ffixi.o(.text)
    __aeabi_f2uiz                            0x080007c5   Thumb Code    40  ffixui.o(.text)
    __aeabi_d2iz                             0x080007ed   Thumb Code    62  dfixi.o(.text)
    __aeabi_f2d                              0x0800082b   Thumb Code    38  f2d.o(.text)
    __aeabi_cdrcmple                         0x08000851   Thumb Code    48  cdrcmple.o(.text)
    __aeabi_d2f                              0x08000881   Thumb Code    56  d2f.o(.text)
    __aeabi_cfcmpeq                          0x080008b9   Thumb Code     0  cfcmple.o(.text)
    __aeabi_cfcmple                          0x080008b9   Thumb Code    20  cfcmple.o(.text)
    __aeabi_cfrcmple                         0x080008cd   Thumb Code    20  cfrcmple.o(.text)
    __aeabi_uidiv                            0x080008e1   Thumb Code     0  uidiv.o(.text)
    __aeabi_uidivmod                         0x080008e1   Thumb Code    44  uidiv.o(.text)
    __aeabi_uldivmod                         0x0800090d   Thumb Code    98  uldiv.o(.text)
    __aeabi_llsl                             0x0800096f   Thumb Code    30  llshl.o(.text)
    _ll_shift_l                              0x0800096f   Thumb Code     0  llshl.o(.text)
    __aeabi_llsr                             0x0800098d   Thumb Code    32  llushr.o(.text)
    _ll_ushift_r                             0x0800098d   Thumb Code     0  llushr.o(.text)
    __aeabi_lasr                             0x080009ad   Thumb Code    36  llsshr.o(.text)
    _ll_sshift_r                             0x080009ad   Thumb Code     0  llsshr.o(.text)
    strtol                                   0x080009d1   Thumb Code   112  strtol.o(.text)
    __I$use$fp                               0x08000a41   Thumb Code     0  iusefp.o(.text)
    _float_round                             0x08000a41   Thumb Code    18  fepilogue.o(.text)
    _float_epilogue                          0x08000a53   Thumb Code    92  fepilogue.o(.text)
    _double_round                            0x08000aaf   Thumb Code    30  depilogue.o(.text)
    _double_epilogue                         0x08000acd   Thumb Code   156  depilogue.o(.text)
    __ARM_scalbn                             0x08000b69   Thumb Code    46  dscalb.o(.text)
    scalbn                                   0x08000b69   Thumb Code     0  dscalb.o(.text)
    _dsqrt                                   0x08000b97   Thumb Code   162  dsqrt.o(.text)
    __aeabi_d2ulz                            0x08000c39   Thumb Code    48  dfixul.o(.text)
    __aeabi_cdcmpeq                          0x08000c69   Thumb Code     0  cdcmple.o(.text)
    __aeabi_cdcmple                          0x08000c69   Thumb Code    48  cdcmple.o(.text)
    __scatterload                            0x08000c99   Thumb Code    28  init.o(.text)
    __scatterload_rt2                        0x08000c99   Thumb Code     0  init.o(.text)
    __rt_ctype_table                         0x08000cbd   Thumb Code     4  ctype_o.o(.text)
    _strtoul                                 0x08000cc5   Thumb Code   158  _strtoul.o(.text)
    _chval                                   0x08000d63   Thumb Code    28  _chval.o(.text)
    __decompress                             0x08000d7f   Thumb Code     0  __dczerorl2.o(.text)
    __decompress1                            0x08000d7f   Thumb Code    86  __dczerorl2.o(.text)
    Buff_Read                                0x08000dd5   Thumb Code    98  max30100.o(i.Buff_Read)
    BusFault_Handler                         0x08000e37   Thumb Code     4  stm32f10x_it.o(i.BusFault_Handler)
    DebugMon_Handler                         0x08000e3b   Thumb Code     2  stm32f10x_it.o(i.DebugMon_Handler)
    DisplayChar                              0x08000e3d   Thumb Code    22  max30100_pulseoximeter.o(i.DisplayChar)
    DisplayCurve                             0x08000e59   Thumb Code    76  max30100_pulseoximeter.o(i.DisplayCurve)
    Ds18b20ChangeTemp                        0x08000ea5   Thumb Code    26  ds18b20.o(i.Ds18b20ChangeTemp)
    Ds18b20ReadByte                          0x08000ec1   Thumb Code   138  ds18b20.o(i.Ds18b20ReadByte)
    Ds18b20ReadTemp                          0x08000f59   Thumb Code    34  ds18b20.o(i.Ds18b20ReadTemp)
    Ds18b20ReadTempCom                       0x08000f7b   Thumb Code    26  ds18b20.o(i.Ds18b20ReadTempCom)
    Ds18b20WriteByte                         0x08000f95   Thumb Code    74  ds18b20.o(i.Ds18b20WriteByte)
    Ds18b20_Init                             0x08000fed   Thumb Code   140  ds18b20.o(i.Ds18b20_Init)
    FBstep                                   0x08001089   Thumb Code    82  max30100_filters.o(i.FBstep)
    GPIO_Init                                0x080010f1   Thumb Code   278  stm32f10x_gpio.o(i.GPIO_Init)
    GPIO_ResetBits                           0x08001207   Thumb Code     4  stm32f10x_gpio.o(i.GPIO_ResetBits)
    GPIO_SetBits                             0x0800120b   Thumb Code     4  stm32f10x_gpio.o(i.GPIO_SetBits)
    GPIO_WriteBit                            0x0800120f   Thumb Code    10  stm32f10x_gpio.o(i.GPIO_WriteBit)
    GPS_USART2_Init                          0x08001219   Thumb Code   160  atgps.o(i.GPS_USART2_Init)
    HardFault_Handler                        0x080012c1   Thumb Code     4  stm32f10x_it.o(i.HardFault_Handler)
    IIC_Ack                                  0x080012c5   Thumb Code    62  myiic.o(i.IIC_Ack)
    IIC_Delay2                               0x08001311   Thumb Code    18  myiic.o(i.IIC_Delay2)
    IIC_NAck                                 0x08001325   Thumb Code    62  myiic.o(i.IIC_NAck)
    IIC_Read_Byte                            0x08001371   Thumb Code    94  myiic.o(i.IIC_Read_Byte)
    IIC_Send_Byte                            0x080013dd   Thumb Code    80  myiic.o(i.IIC_Send_Byte)
    IIC_Start                                0x08001439   Thumb Code    60  myiic.o(i.IIC_Start)
    IIC_Stop                                 0x08001481   Thumb Code    58  myiic.o(i.IIC_Stop)
    IIC_Wait_Ack                             0x080014c9   Thumb Code    86  myiic.o(i.IIC_Wait_Ack)
    JTAG_Set                                 0x0800152d   Thumb Code    38  sys.o(i.JTAG_Set)
    M6312_Clear                              0x0800155d   Thumb Code    20  m6312.o(i.M6312_Clear)
    M6312_GetIPD                             0x08001579   Thumb Code    66  m6312.o(i.M6312_GetIPD)
    M6312_Init                               0x080015c9   Thumb Code   460  m6312.o(i.M6312_Init)
    M6312_SendCmd                            0x08001959   Thumb Code    84  m6312.o(i.M6312_SendCmd)
    M6312_SendData                           0x080019b9   Thumb Code    46  m6312.o(i.M6312_SendData)
    M6312_WaitRecive                         0x08001a01   Thumb Code    42  m6312.o(i.M6312_WaitRecive)
    MPU_Get_Accelerometer                    0x08001a35   Thumb Code    80  mpu6050.o(i.MPU_Get_Accelerometer)
    MPU_IIC_Ack                              0x08001a85   Thumb Code    62  mpuiic.o(i.MPU_IIC_Ack)
    MPU_IIC_Delay                            0x08001ad1   Thumb Code    10  mpuiic.o(i.MPU_IIC_Delay)
    MPU_IIC_Init                             0x08001add   Thumb Code    52  mpuiic.o(i.MPU_IIC_Init)
    MPU_IIC_NAck                             0x08001b19   Thumb Code    62  mpuiic.o(i.MPU_IIC_NAck)
    MPU_IIC_Read_Byte                        0x08001b65   Thumb Code    94  mpuiic.o(i.MPU_IIC_Read_Byte)
    MPU_IIC_Send_Byte                        0x08001bd1   Thumb Code    80  mpuiic.o(i.MPU_IIC_Send_Byte)
    MPU_IIC_Start                            0x08001c2d   Thumb Code    60  mpuiic.o(i.MPU_IIC_Start)
    MPU_IIC_Stop                             0x08001c75   Thumb Code    58  mpuiic.o(i.MPU_IIC_Stop)
    MPU_IIC_Wait_Ack                         0x08001cbd   Thumb Code    86  mpuiic.o(i.MPU_IIC_Wait_Ack)
    MPU_Init                                 0x08001d21   Thumb Code   168  mpu6050.o(i.MPU_Init)
    MPU_Read_Byte                            0x08001dd5   Thumb Code    58  mpu6050.o(i.MPU_Read_Byte)
    MPU_Read_Len                             0x08001e0f   Thumb Code   116  mpu6050.o(i.MPU_Read_Len)
    MPU_Set_Accel_Fsr                        0x08001e83   Thumb Code    16  mpu6050.o(i.MPU_Set_Accel_Fsr)
    MPU_Set_Gyro_Fsr                         0x08001e93   Thumb Code    16  mpu6050.o(i.MPU_Set_Gyro_Fsr)
    MPU_Set_LPF                              0x08001ea3   Thumb Code    58  mpu6050.o(i.MPU_Set_LPF)
    MPU_Set_Rate                             0x08001edd   Thumb Code    58  mpu6050.o(i.MPU_Set_Rate)
    MPU_Write_Byte                           0x08001f17   Thumb Code    68  mpu6050.o(i.MPU_Write_Byte)
    MPU_Write_Len                            0x08001f5b   Thumb Code    96  mpu6050.o(i.MPU_Write_Len)
    MQTT_DeleteBuffer                        0x08001fbb   Thumb Code    28  mqttkit.o(i.MQTT_DeleteBuffer)
    MQTT_DumpLength                          0x08001fd7   Thumb Code    46  mqttkit.o(i.MQTT_DumpLength)
    MQTT_NewBuffer                           0x08002005   Thumb Code    88  mqttkit.o(i.MQTT_NewBuffer)
    MQTT_PacketCmdResp                       0x0800205d   Thumb Code   132  mqttkit.o(i.MQTT_PacketCmdResp)
    MQTT_PacketConnect                       0x080020e9   Thumb Code   666  mqttkit.o(i.MQTT_PacketConnect)
    MQTT_PacketPublish                       0x08002389   Thumb Code   418  mqttkit.o(i.MQTT_PacketPublish)
    MQTT_PacketSaveData                      0x0800252d   Thumb Code    88  mqttkit.o(i.MQTT_PacketSaveData)
    MQTT_ReadLength                          0x08002589   Thumb Code    70  mqttkit.o(i.MQTT_ReadLength)
    MQTT_UnPacketCmd                         0x080025cf   Thumb Code   140  mqttkit.o(i.MQTT_UnPacketCmd)
    MQTT_UnPacketConnectAck                  0x0800265b   Thumb Code    30  mqttkit.o(i.MQTT_UnPacketConnectAck)
    MQTT_UnPacketPublishAck                  0x08002679   Thumb Code    30  mqttkit.o(i.MQTT_UnPacketPublishAck)
    MQTT_UnPacketRecv                        0x08002699   Thumb Code   106  mqttkit.o(i.MQTT_UnPacketRecv)
    MemManage_Handler                        0x0800270d   Thumb Code     4  stm32f10x_it.o(i.MemManage_Handler)
    NMI_Handler                              0x08002711   Thumb Code     2  stm32f10x_it.o(i.NMI_Handler)
    NVIC_Init                                0x08002715   Thumb Code   100  misc.o(i.NVIC_Init)
    NVIC_PriorityGroupConfig                 0x08002785   Thumb Code    10  misc.o(i.NVIC_PriorityGroupConfig)
    NVIC_config                              0x08002799   Thumb Code    40  tim2.o(i.NVIC_config)
    OLED_Clear                               0x080027c1   Thumb Code    64  oled.o(i.OLED_Clear)
    OLED_Init                                0x08002801   Thumb Code   372  oled.o(i.OLED_Init)
    OLED_Set_Pos                             0x0800297d   Thumb Code    46  oled.o(i.OLED_Set_Pos)
    OLED_Show                                0x080029ad   Thumb Code   154  main.o(i.OLED_Show)
    OLED_ShowCHinese                         0x08002a4d   Thumb Code    98  oled.o(i.OLED_ShowCHinese)
    OLED_ShowChar                            0x08002ab5   Thumb Code   106  oled.o(i.OLED_ShowChar)
    OLED_ShowNum                             0x08002b25   Thumb Code   132  oled.o(i.OLED_ShowNum)
    OLED_ShowString                          0x08002ba9   Thumb Code    54  oled.o(i.OLED_ShowString)
    OLED_WR_Byte                             0x08002be1   Thumb Code   108  oled.o(i.OLED_WR_Byte)
    OneNet_DevLink                           0x08002c55   Thumb Code   214  onenet.o(i.OneNet_DevLink)
    OneNet_FillBuf                           0x08002e85   Thumb Code   108  onenet.o(i.OneNet_FillBuf)
    OneNet_RevPro                            0x08002f6d   Thumb Code   242  onenet.o(i.OneNet_RevPro)
    OneNet_SendData                          0x080030c1   Thumb Code   132  onenet.o(i.OneNet_SendData)
    POupdate                                 0x080031a5   Thumb Code     8  max30100_pulseoximeter.o(i.POupdate)
    PendSV_Handler                           0x080031ad   Thumb Code     2  stm32f10x_it.o(i.PendSV_Handler)
    RCC_APB1PeriphClockCmd                   0x080031b1   Thumb Code    26  stm32f10x_rcc.o(i.RCC_APB1PeriphClockCmd)
    RCC_APB1PeriphResetCmd                   0x080031d1   Thumb Code    26  stm32f10x_rcc.o(i.RCC_APB1PeriphResetCmd)
    RCC_APB2PeriphClockCmd                   0x080031f1   Thumb Code    26  stm32f10x_rcc.o(i.RCC_APB2PeriphClockCmd)
    RCC_APB2PeriphResetCmd                   0x08003211   Thumb Code    26  stm32f10x_rcc.o(i.RCC_APB2PeriphResetCmd)
    RCC_GetClocksFreq                        0x08003231   Thumb Code   192  stm32f10x_rcc.o(i.RCC_GetClocksFreq)
    SPO2update                               0x08003305   Thumb Code   266  max30100_spo2calculator.o(i.SPO2update)
    SVC_Handler                              0x08003435   Thumb Code     2  stm32f10x_it.o(i.SVC_Handler)
    SysTick_CLKSourceConfig                  0x08003521   Thumb Code    40  misc.o(i.SysTick_CLKSourceConfig)
    SystemInit                               0x08003549   Thumb Code    78  system_stm32f10x.o(i.SystemInit)
    TIM2_IRQHandler                          0x080035a9   Thumb Code    42  tim2.o(i.TIM2_IRQHandler)
    TIM3_IRQHandler                          0x080035dd   Thumb Code    32  timer3.o(i.TIM3_IRQHandler)
    TIM3_Int_Init                            0x08003605   Thumb Code    90  timer3.o(i.TIM3_Int_Init)
    TIM_ClearFlag                            0x08003665   Thumb Code     6  stm32f10x_tim.o(i.TIM_ClearFlag)
    TIM_ClearITPendingBit                    0x0800366b   Thumb Code     6  stm32f10x_tim.o(i.TIM_ClearITPendingBit)
    TIM_Cmd                                  0x08003671   Thumb Code    24  stm32f10x_tim.o(i.TIM_Cmd)
    TIM_DeInit                               0x08003689   Thumb Code   424  stm32f10x_tim.o(i.TIM_DeInit)
    TIM_GetITStatus                          0x08003871   Thumb Code    34  stm32f10x_tim.o(i.TIM_GetITStatus)
    TIM_ITConfig                             0x08003893   Thumb Code    18  stm32f10x_tim.o(i.TIM_ITConfig)
    TIM_TimeBaseInit                         0x080038a5   Thumb Code   122  stm32f10x_tim.o(i.TIM_TimeBaseInit)
    UART1_Init                               0x08003949   Thumb Code   160  uart.o(i.UART1_Init)
    USART1_IRQHandler                        0x080039f1   Thumb Code    62  m6312.o(i.USART1_IRQHandler)
    USART2_IRQHandler                        0x08003a3d   Thumb Code   134  atgps.o(i.USART2_IRQHandler)
    USART_ClearFlag                          0x08003ad5   Thumb Code    18  stm32f10x_usart.o(i.USART_ClearFlag)
    USART_Cmd                                0x08003ae7   Thumb Code    24  stm32f10x_usart.o(i.USART_Cmd)
    USART_DeInit                             0x08003b01   Thumb Code   134  stm32f10x_usart.o(i.USART_DeInit)
    USART_GetFlagStatus                      0x08003b9d   Thumb Code    26  stm32f10x_usart.o(i.USART_GetFlagStatus)
    USART_GetITStatus                        0x08003bb7   Thumb Code    84  stm32f10x_usart.o(i.USART_GetITStatus)
    USART_ITConfig                           0x08003c0b   Thumb Code    74  stm32f10x_usart.o(i.USART_ITConfig)
    USART_Init                               0x08003c55   Thumb Code   210  stm32f10x_usart.o(i.USART_Init)
    USART_ReceiveData                        0x08003d2d   Thumb Code    10  stm32f10x_usart.o(i.USART_ReceiveData)
    USART_SendData                           0x08003d37   Thumb Code     8  stm32f10x_usart.o(i.USART_SendData)
    UsageFault_Handler                       0x08003d3f   Thumb Code     4  stm32f10x_it.o(i.UsageFault_Handler)
    UsartPrintf                              0x08003d43   Thumb Code    72  uart.o(i.UsartPrintf)
    Usart_SendString                         0x08003d8b   Thumb Code    50  uart.o(i.Usart_SendString)
    __0printf                                0x08003dbd   Thumb Code    22  printfa.o(i.__0printf)
    __1printf                                0x08003dbd   Thumb Code     0  printfa.o(i.__0printf)
    __2printf                                0x08003dbd   Thumb Code     0  printfa.o(i.__0printf)
    __c89printf                              0x08003dbd   Thumb Code     0  printfa.o(i.__0printf)
    printf                                   0x08003dbd   Thumb Code     0  printfa.o(i.__0printf)
    __0sprintf                               0x08003ddd   Thumb Code    34  printfa.o(i.__0sprintf)
    __1sprintf                               0x08003ddd   Thumb Code     0  printfa.o(i.__0sprintf)
    __2sprintf                               0x08003ddd   Thumb Code     0  printfa.o(i.__0sprintf)
    __c89sprintf                             0x08003ddd   Thumb Code     0  printfa.o(i.__0sprintf)
    sprintf                                  0x08003ddd   Thumb Code     0  printfa.o(i.__0sprintf)
    __0vsnprintf                             0x08003e05   Thumb Code    32  printfa.o(i.__0vsnprintf)
    __1vsnprintf                             0x08003e05   Thumb Code     0  printfa.o(i.__0vsnprintf)
    __2vsnprintf                             0x08003e05   Thumb Code     0  printfa.o(i.__0vsnprintf)
    __c89vsnprintf                           0x08003e05   Thumb Code     0  printfa.o(i.__0vsnprintf)
    vsnprintf                                0x08003e05   Thumb Code     0  printfa.o(i.__0vsnprintf)
    __ARM_fpclassify                         0x08003e29   Thumb Code    40  fpclassify.o(i.__ARM_fpclassify)
    __aeabi_errno_addr                       0x08003e51   Thumb Code     4  errno.o(i.__aeabi_errno_addr)
    __rt_errno_addr                          0x08003e51   Thumb Code     0  errno.o(i.__aeabi_errno_addr)
    __kernel_poly                            0x08003e59   Thumb Code   170  poly.o(i.__kernel_poly)
    __mathlib_dbl_divzero                    0x08003f05   Thumb Code    12  dunder.o(i.__mathlib_dbl_divzero)
    __mathlib_dbl_infnan                     0x08003f15   Thumb Code     6  dunder.o(i.__mathlib_dbl_infnan)
    __mathlib_dbl_infnan2                    0x08003f1b   Thumb Code     4  dunder.o(i.__mathlib_dbl_infnan2)
    __mathlib_dbl_invalid                    0x08003f1f   Thumb Code    12  dunder.o(i.__mathlib_dbl_invalid)
    __mathlib_dbl_overflow                   0x08003f2b   Thumb Code    14  dunder.o(i.__mathlib_dbl_overflow)
    __mathlib_dbl_underflow                  0x08003f39   Thumb Code    10  dunder.o(i.__mathlib_dbl_underflow)
    __scatterload_copy                       0x08003f49   Thumb Code    14  handlers.o(i.__scatterload_copy)
    __scatterload_null                       0x08003f57   Thumb Code     2  handlers.o(i.__scatterload_null)
    __scatterload_zeroinit                   0x08003f59   Thumb Code    14  handlers.o(i.__scatterload_zeroinit)
    __set_errno                              0x08003f69   Thumb Code     6  errno.o(i.__set_errno)
    addSample                                0x080048d1   Thumb Code    12  max30100_beatdetector.o(i.addSample)
    asin                                     0x080048dd   Thumb Code   572  asin.o(i.asin)
    atan                                     0x08004b4d   Thumb Code   474  atan.o(i.atan)
    atan2                                    0x08004d6d   Thumb Code   346  atan2.o(i.atan2)
    checkForBeat                             0x08004eed   Thumb Code   348  max30100_beatdetector.o(i.checkForBeat)
    checkSample                              0x0800506d   Thumb Code   280  max30100_pulseoximeter.o(i.checkSample)
    decreaseThreshold                        0x08005215   Thumb Code   164  max30100_beatdetector.o(i.decreaseThreshold)
    delay_init                               0x080052d9   Thumb Code    50  delay.o(i.delay_init)
    delay_ms                                 0x0800531d   Thumb Code    72  delay.o(i.delay_ms)
    delay_us                                 0x08005369   Thumb Code    72  delay.o(i.delay_us)
    dmp_enable_6x_lp_quat                    0x080053b5   Thumb Code    60  inv_mpu_dmp_motion_driver.o(i.dmp_enable_6x_lp_quat)
    dmp_enable_feature                       0x080053f1   Thumb Code   530  inv_mpu_dmp_motion_driver.o(i.dmp_enable_feature)
    dmp_enable_gyro_cal                      0x0800560d   Thumb Code    62  inv_mpu_dmp_motion_driver.o(i.dmp_enable_gyro_cal)
    dmp_enable_lp_quat                       0x08005665   Thumb Code    60  inv_mpu_dmp_motion_driver.o(i.dmp_enable_lp_quat)
    dmp_load_motion_driver_firmware          0x080056a1   Thumb Code    20  inv_mpu_dmp_motion_driver.o(i.dmp_load_motion_driver_firmware)
    dmp_read_fifo                            0x080056b9   Thumb Code   456  inv_mpu_dmp_motion_driver.o(i.dmp_read_fifo)
    dmp_set_accel_bias                       0x08005885   Thumb Code   300  inv_mpu_dmp_motion_driver.o(i.dmp_set_accel_bias)
    dmp_set_fifo_rate                        0x080059b5   Thumb Code    96  inv_mpu_dmp_motion_driver.o(i.dmp_set_fifo_rate)
    dmp_set_gyro_bias                        0x08005a25   Thumb Code   294  inv_mpu_dmp_motion_driver.o(i.dmp_set_gyro_bias)
    dmp_set_orientation                      0x08005b55   Thumb Code   290  inv_mpu_dmp_motion_driver.o(i.dmp_set_orientation)
    dmp_set_shake_reject_thresh              0x08005c8d   Thumb Code    56  inv_mpu_dmp_motion_driver.o(i.dmp_set_shake_reject_thresh)
    dmp_set_shake_reject_time                0x08005cc5   Thumb Code    38  inv_mpu_dmp_motion_driver.o(i.dmp_set_shake_reject_time)
    dmp_set_shake_reject_timeout             0x08005ceb   Thumb Code    38  inv_mpu_dmp_motion_driver.o(i.dmp_set_shake_reject_timeout)
    dmp_set_tap_axes                         0x08005d11   Thumb Code    70  inv_mpu_dmp_motion_driver.o(i.dmp_set_tap_axes)
    dmp_set_tap_count                        0x08005d57   Thumb Code    38  inv_mpu_dmp_motion_driver.o(i.dmp_set_tap_count)
    dmp_set_tap_thresh                       0x08005d7d   Thumb Code   396  inv_mpu_dmp_motion_driver.o(i.dmp_set_tap_thresh)
    dmp_set_tap_time                         0x08005f1d   Thumb Code    38  inv_mpu_dmp_motion_driver.o(i.dmp_set_tap_time)
    dmp_set_tap_time_multi                   0x08005f43   Thumb Code    38  inv_mpu_dmp_motion_driver.o(i.dmp_set_tap_time_multi)
    fputc                                    0x08005f69   Thumb Code    32  uart.o(i.fputc)
    free                                     0x08005f8d   Thumb Code    76  malloc.o(i.free)
    getRate                                  0x08005fdd   Thumb Code    48  max30100_beatdetector.o(i.getRate)
    getSpO2                                  0x08006019   Thumb Code     6  max30100_spo2calculator.o(i.getSpO2)
    inv_orientation_matrix_to_scalar         0x08006659   Thumb Code    40  inv_mpu.o(i.inv_orientation_matrix_to_scalar)
    inv_row_2_scale                          0x08006681   Thumb Code    78  inv_mpu.o(i.inv_row_2_scale)
    log                                      0x080066d1   Thumb Code   808  log.o(i.log)
    main                                     0x08006a2d   Thumb Code   756  main.o(i.main)
    malloc                                   0x08006dad   Thumb Code    92  malloc.o(i.malloc)
    mget_ms                                  0x08006e19   Thumb Code     2  inv_mpu.o(i.mget_ms)
    millis                                   0x08006e1d   Thumb Code     6  timer3.o(i.millis)
    min                                      0x08006e29   Thumb Code    14  max30100_beatdetector.o(i.min)
    mpu_configure_fifo                       0x08006e39   Thumb Code   106  inv_mpu.o(i.mpu_configure_fifo)
    mpu_dmp_get_data                         0x08006ea9   Thumb Code   544  inv_mpu.o(i.mpu_dmp_get_data)
    mpu_dmp_init                             0x080070cd   Thumb Code   154  inv_mpu.o(i.mpu_dmp_init)
    mpu_get_accel_fsr                        0x0800716d   Thumb Code    72  inv_mpu.o(i.mpu_get_accel_fsr)
    mpu_get_accel_sens                       0x080071b9   Thumb Code    78  inv_mpu.o(i.mpu_get_accel_sens)
    mpu_get_fifo_config                      0x0800720d   Thumb Code    12  inv_mpu.o(i.mpu_get_fifo_config)
    mpu_get_gyro_fsr                         0x0800721d   Thumb Code    64  inv_mpu.o(i.mpu_get_gyro_fsr)
    mpu_get_gyro_sens                        0x08007261   Thumb Code    58  inv_mpu.o(i.mpu_get_gyro_sens)
    mpu_get_lpf                              0x080072b1   Thumb Code    74  inv_mpu.o(i.mpu_get_lpf)
    mpu_get_sample_rate                      0x08007301   Thumb Code    26  inv_mpu.o(i.mpu_get_sample_rate)
    mpu_init                                 0x08007321   Thumb Code   416  inv_mpu.o(i.mpu_init)
    mpu_load_firmware                        0x08007511   Thumb Code   180  inv_mpu.o(i.mpu_load_firmware)
    mpu_lp_accel_mode                        0x080075c9   Thumb Code   218  inv_mpu.o(i.mpu_lp_accel_mode)
    mpu_read_fifo_stream                     0x080076a9   Thumb Code   186  inv_mpu.o(i.mpu_read_fifo_stream)
    mpu_read_mem                             0x08007769   Thumb Code   122  inv_mpu.o(i.mpu_read_mem)
    mpu_reset_fifo                           0x080077e9   Thumb Code   450  inv_mpu.o(i.mpu_reset_fifo)
    mpu_run_self_test                        0x080079b1   Thumb Code   278  inv_mpu.o(i.mpu_run_self_test)
    mpu_set_accel_fsr                        0x08007acd   Thumb Code   126  inv_mpu.o(i.mpu_set_accel_fsr)
    mpu_set_bypass                           0x08007b51   Thumb Code   328  inv_mpu.o(i.mpu_set_bypass)
    mpu_set_dmp_state                        0x08007c9d   Thumb Code   138  inv_mpu.o(i.mpu_set_dmp_state)
    mpu_set_gyro_fsr                         0x08007d2d   Thumb Code   132  inv_mpu.o(i.mpu_set_gyro_fsr)
    mpu_set_int_latched                      0x08007db5   Thumb Code   102  inv_mpu.o(i.mpu_set_int_latched)
    mpu_set_lpf                              0x08007e21   Thumb Code   126  inv_mpu.o(i.mpu_set_lpf)
    mpu_set_sample_rate                      0x08007ea5   Thumb Code   152  inv_mpu.o(i.mpu_set_sample_rate)
    mpu_set_sensors                          0x08007f41   Thumb Code   202  inv_mpu.o(i.mpu_set_sensors)
    mpu_write_mem                            0x08008011   Thumb Code   122  inv_mpu.o(i.mpu_write_mem)
    oled_pow                                 0x08008091   Thumb Code    22  oled.o(i.oled_pow)
    onBeatDetected1                          0x080080a7   Thumb Code     2  max30100_pulseoximeter.o(i.onBeatDetected1)
    pow                                      0x080080a9   Thumb Code  2512  pow.o(i.pow)
    readFifoData                             0x08008a81   Thumb Code    46  max30100.o(i.readFifoData)
    reset                                    0x08008ab9   Thumb Code    24  max30100_spo2calculator.o(i.reset)
    run_self_test                            0x08008ae5   Thumb Code   148  inv_mpu.o(i.run_self_test)
    sqrt                                     0x08008c09   Thumb Code    76  sqrt.o(i.sqrt)
    step                                     0x08008c55   Thumb Code    42  max30100_filters.o(i.step)
    time2_config                             0x08008c7f   Thumb Code    86  tim2.o(i.time2_config)
    update                                   0x08008cd5   Thumb Code     8  max30100.o(i.update)
    F6x8                                     0x08008cdc   Data         552  oled.o(.constdata)
    F8X16                                    0x08008f04   Data        1520  oled.o(.constdata)
    reg                                      0x080094f4   Data          27  inv_mpu.o(.constdata)
    hw                                       0x08009510   Data          12  inv_mpu.o(.constdata)
    test                                     0x0800951c   Data          40  inv_mpu.o(.constdata)
    __mathlib_zero                           0x0800a2e8   Data           8  qnan.o(.constdata)
    __ctype_table                            0x0800a2f0   Data         129  ctype_o.o(.constdata)
    Region$$Table$$Base                      0x0800a3c8   Number         0  anon$$obj.o(Region$$Table)
    Region$$Table$$Limit                     0x0800a3e8   Number         0  anon$$obj.o(Region$$Table)
    SystemCoreClock                          0x20000000   Data           4  system_stm32f10x.o(.data)
    AHBPrescTable                            0x20000004   Data          16  system_stm32f10x.o(.data)
    timeCount                                0x20000028   Data           2  main.o(.data)
    pingCount                                0x2000002a   Data           2  main.o(.data)
    dataPtr                                  0x2000002c   Data           4  main.o(.data)
    fall_flag                                0x20000030   Data           1  main.o(.data)
    pitch                                    0x20000034   Data           4  main.o(.data)
    roll                                     0x20000038   Data           4  main.o(.data)
    yaw                                      0x2000003c   Data           4  main.o(.data)
    aacx                                     0x20000040   Data           2  main.o(.data)
    aacy                                     0x20000042   Data           2  main.o(.data)
    aacz                                     0x20000044   Data           2  main.o(.data)
    gyrox                                    0x20000046   Data           2  main.o(.data)
    gyroy                                    0x20000048   Data           2  main.o(.data)
    gyroz                                    0x2000004a   Data           2  main.o(.data)
    mpu_flag                                 0x2000004c   Data           1  main.o(.data)
    mpu_1_flag                               0x2000004d   Data           1  main.o(.data)
    mpu_2_flag                               0x2000004e   Data           1  main.o(.data)
    SVM                                      0x20000050   Data           4  main.o(.data)
    t                                        0x20000054   Data           1  main.o(.data)
    i                                        0x20000055   Data           1  main.o(.data)
    t1                                       0x20000056   Data           1  main.o(.data)
    HeartRatetime                            0x20000058   Data           4  main.o(.data)
    gpstime                                  0x2000005c   Data           4  main.o(.data)
    temp                                     0x20000060   Data           4  main.o(.data)
    zitai                                    0x20000064   Data           2  main.o(.data)
    HeartRate_val                            0x20000066   Data           2  main.o(.data)
    SPO2_val                                 0x20000068   Data           1  main.o(.data)
    RxCounter                                0x20000074   Data           1  uart.o(.data)
    RxCounter1                               0x20000075   Data           1  uart.o(.data)
    USART_RX_STA                             0x20000076   Data           2  uart.o(.data)
    __stdout                                 0x20000078   Data           4  uart.o(.data)
    rxdatabufer                              0x2000007c   Data           1  atgps.o(.data)
    point1                                   0x2000007e   Data           2  atgps.o(.data)
    Hzk                                      0x20000080   Data        1024  oled.o(.data)
    rawIRValue                               0x20000480   Data           2  max30100.o(.data)
    rawRedValue                              0x20000482   Data           2  max30100.o(.data)
    PartID                                   0x20000484   Data           1  max30100.o(.data)
    Beatstate                                0x20000488   Data           1  max30100_beatdetector.o(.data)
    threshold                                0x2000048c   Data           4  max30100_beatdetector.o(.data)
    beatPeriod                               0x20000490   Data           4  max30100_beatdetector.o(.data)
    lastMaxValue                             0x20000494   Data           4  max30100_beatdetector.o(.data)
    tsLastBeat                               0x20000498   Data           4  max30100_beatdetector.o(.data)
    v                                        0x2000049c   Data           8  max30100_filters.o(.data)
    onBeatDetected                           0x200004a4   Data           4  max30100_pulseoximeter.o(.data)
    state                                    0x200004a8   Data           1  max30100_pulseoximeter.o(.data)
    debuggingMode                            0x200004a9   Data           1  max30100_pulseoximeter.o(.data)
    tsFirstBeatDetected                      0x200004ac   Data           4  max30100_pulseoximeter.o(.data)
    tsLastBeatDetected                       0x200004b0   Data           4  max30100_pulseoximeter.o(.data)
    tsLastSample                             0x200004b4   Data           4  max30100_pulseoximeter.o(.data)
    tsLastBiasCheck                          0x200004b8   Data           4  max30100_pulseoximeter.o(.data)
    tsLastCurrentAdjustment                  0x200004bc   Data           4  max30100_pulseoximeter.o(.data)
    redLedPower                              0x200004c0   Data           1  max30100_pulseoximeter.o(.data)
    irDCRemover                              0x200004c4   Data           8  max30100_pulseoximeter.o(.data)
    redDCRemover                             0x200004cc   Data           8  max30100_pulseoximeter.o(.data)
    ID                                       0x200004d4   Data           1  max30100_pulseoximeter.o(.data)
    TempINT                                  0x200004d5   Data           1  max30100_pulseoximeter.o(.data)
    TempFRAC                                 0x200004d6   Data           1  max30100_pulseoximeter.o(.data)
    spO2LUT                                  0x200004d8   Data          43  max30100_spo2calculator.o(.data)
    irACValueSqSum                           0x20000504   Data           4  max30100_spo2calculator.o(.data)
    redACValueSqSum                          0x20000508   Data           4  max30100_spo2calculator.o(.data)
    beatsDetectedNum                         0x2000050c   Data           1  max30100_spo2calculator.o(.data)
    samplesRecorded                          0x20000510   Data           4  max30100_spo2calculator.o(.data)
    spO2                                     0x20000514   Data           1  max30100_spo2calculator.o(.data)
    m6312_cnt                                0x20000516   Data           2  m6312.o(.data)
    m6312_cntPre                             0x20000518   Data           2  m6312.o(.data)
    __microlib_freelist                      0x20000554   Data           4  mvars.o(.data)
    __microlib_freelist_initialised          0x20000558   Data           4  mvars.o(.data)
    temp_data                                0x20000560   Data          16  main.o(.bss)
    Buf                                      0x20000570   Data          30  main.o(.bss)
    USART2_RX_BUF                            0x2000058e   Data         200  atgps.o(.bss)
    Save_Data                                0x20000656   Data         121  atgps.o(.bss)
    m6312_buf                                0x200006cf   Data         256  m6312.o(.bss)
    __heap_base                              0x200007e0   Data           0  startup_stm32f10x_md.o(HEAP)
    __heap_limit                             0x200009e0   Data           0  startup_stm32f10x_md.o(HEAP)
    __initial_sp                             0x20000de0   Data           0  startup_stm32f10x_md.o(STACK)



==============================================================================

Memory Map of the image

  Image Entry point : 0x080000ed

  Load Region LR_IROM1 (Base: 0x08000000, Size: 0x0000a948, Max: 0x00010000, ABSOLUTE, COMPRESSED[0x0000a600])

    Execution Region ER_IROM1 (Base: 0x08000000, Size: 0x0000a3e8, Max: 0x00010000, ABSOLUTE)

    Base Addr    Size         Type   Attr      Idx    E Section Name        Object

    0x08000000   0x000000ec   Data   RO         3499    RESET               startup_stm32f10x_md.o
    0x080000ec   0x00000000   Code   RO         5239  * .ARM.Collect$$$$00000000  mc_w.l(entry.o)
    0x080000ec   0x00000004   Code   RO         5620    .ARM.Collect$$$$00000001  mc_w.l(entry2.o)
    0x080000f0   0x00000004   Code   RO         5623    .ARM.Collect$$$$00000004  mc_w.l(entry5.o)
    0x080000f4   0x00000000   Code   RO         5625    .ARM.Collect$$$$00000008  mc_w.l(entry7b.o)
    0x080000f4   0x00000000   Code   RO         5627    .ARM.Collect$$$$0000000A  mc_w.l(entry8b.o)
    0x080000f4   0x00000008   Code   RO         5628    .ARM.Collect$$$$0000000B  mc_w.l(entry9a.o)
    0x080000fc   0x00000000   Code   RO         5630    .ARM.Collect$$$$0000000D  mc_w.l(entry10a.o)
    0x080000fc   0x00000000   Code   RO         5632    .ARM.Collect$$$$0000000F  mc_w.l(entry11a.o)
    0x080000fc   0x00000004   Code   RO         5621    .ARM.Collect$$$$00002712  mc_w.l(entry2.o)
    0x08000100   0x00000024   Code   RO         3500    .text               startup_stm32f10x_md.o
    0x08000124   0x00000062   Code   RO         5242    .text               mc_w.l(ldiv.o)
    0x08000186   0x00000024   Code   RO         5244    .text               mc_w.l(memcpya.o)
    0x080001aa   0x00000024   Code   RO         5246    .text               mc_w.l(memseta.o)
    0x080001ce   0x00000018   Code   RO         5248    .text               mc_w.l(strcat.o)
    0x080001e6   0x00000024   Code   RO         5250    .text               mc_w.l(strstr.o)
    0x0800020a   0x00000014   Code   RO         5252    .text               mc_w.l(strchr.o)
    0x0800021e   0x0000000e   Code   RO         5254    .text               mc_w.l(strlen.o)
    0x0800022c   0x0000001a   Code   RO         5256    .text               mc_w.l(memcmp.o)
    0x08000246   0x00000028   Code   RO         5258    .text               mc_w.l(strncat.o)
    0x0800026e   0x00000012   Code   RO         5260    .text               mc_w.l(strcpy.o)
    0x08000280   0x0000001a   Code   RO         5553    .text               mc_w.l(atoi.o)
    0x0800029a   0x000000b0   Code   RO         5555    .text               mf_w.l(fadd.o)
    0x0800034a   0x00000064   Code   RO         5557    .text               mf_w.l(fmul.o)
    0x080003ae   0x0000007c   Code   RO         5559    .text               mf_w.l(fdiv.o)
    0x0800042a   0x0000014e   Code   RO         5561    .text               mf_w.l(dadd.o)
    0x08000578   0x000000e4   Code   RO         5563    .text               mf_w.l(dmul.o)
    0x0800065c   0x000000de   Code   RO         5565    .text               mf_w.l(ddiv.o)
    0x0800073a   0x00000012   Code   RO         5567    .text               mf_w.l(fflti.o)
    0x0800074c   0x0000000a   Code   RO         5569    .text               mf_w.l(ffltui.o)
    0x08000756   0x00000022   Code   RO         5571    .text               mf_w.l(dflti.o)
    0x08000778   0x0000001a   Code   RO         5573    .text               mf_w.l(dfltui.o)
    0x08000792   0x00000032   Code   RO         5575    .text               mf_w.l(ffixi.o)
    0x080007c4   0x00000028   Code   RO         5577    .text               mf_w.l(ffixui.o)
    0x080007ec   0x0000003e   Code   RO         5579    .text               mf_w.l(dfixi.o)
    0x0800082a   0x00000026   Code   RO         5581    .text               mf_w.l(f2d.o)
    0x08000850   0x00000030   Code   RO         5583    .text               mf_w.l(cdrcmple.o)
    0x08000880   0x00000038   Code   RO         5585    .text               mf_w.l(d2f.o)
    0x080008b8   0x00000014   Code   RO         5587    .text               mf_w.l(cfcmple.o)
    0x080008cc   0x00000014   Code   RO         5589    .text               mf_w.l(cfrcmple.o)
    0x080008e0   0x0000002c   Code   RO         5634    .text               mc_w.l(uidiv.o)
    0x0800090c   0x00000062   Code   RO         5636    .text               mc_w.l(uldiv.o)
    0x0800096e   0x0000001e   Code   RO         5638    .text               mc_w.l(llshl.o)
    0x0800098c   0x00000020   Code   RO         5640    .text               mc_w.l(llushr.o)
    0x080009ac   0x00000024   Code   RO         5642    .text               mc_w.l(llsshr.o)
    0x080009d0   0x00000070   Code   RO         5653    .text               mc_w.l(strtol.o)
    0x08000a40   0x00000000   Code   RO         5655    .text               mc_w.l(iusefp.o)
    0x08000a40   0x0000006e   Code   RO         5656    .text               mf_w.l(fepilogue.o)
    0x08000aae   0x000000ba   Code   RO         5658    .text               mf_w.l(depilogue.o)
    0x08000b68   0x0000002e   Code   RO         5660    .text               mf_w.l(dscalb.o)
    0x08000b96   0x000000a2   Code   RO         5662    .text               mf_w.l(dsqrt.o)
    0x08000c38   0x00000030   Code   RO         5664    .text               mf_w.l(dfixul.o)
    0x08000c68   0x00000030   Code   RO         5666    .text               mf_w.l(cdcmple.o)
    0x08000c98   0x00000024   Code   RO         5668    .text               mc_w.l(init.o)
    0x08000cbc   0x00000008   Code   RO         5670    .text               mc_w.l(ctype_o.o)
    0x08000cc4   0x0000009e   Code   RO         5698    .text               mc_w.l(_strtoul.o)
    0x08000d62   0x0000001c   Code   RO         5700    .text               mc_w.l(_chval.o)
    0x08000d7e   0x00000056   Code   RO         5710    .text               mc_w.l(__dczerorl2.o)
    0x08000dd4   0x00000062   Code   RO         3830    i.Buff_Read         max30100.o
    0x08000e36   0x00000004   Code   RO         3243    i.BusFault_Handler  stm32f10x_it.o
    0x08000e3a   0x00000002   Code   RO         3244    i.DebugMon_Handler  stm32f10x_it.o
    0x08000e3c   0x0000001c   Code   RO         4027    i.DisplayChar       max30100_pulseoximeter.o
    0x08000e58   0x0000004c   Code   RO         4028    i.DisplayCurve      max30100_pulseoximeter.o
    0x08000ea4   0x0000001a   Code   RO         3687    i.Ds18b20ChangeTemp  ds18b20.o
    0x08000ebe   0x00000002   PAD
    0x08000ec0   0x00000098   Code   RO         3688    i.Ds18b20ReadByte   ds18b20.o
    0x08000f58   0x00000022   Code   RO         3689    i.Ds18b20ReadTemp   ds18b20.o
    0x08000f7a   0x0000001a   Code   RO         3690    i.Ds18b20ReadTempCom  ds18b20.o
    0x08000f94   0x00000058   Code   RO         3691    i.Ds18b20WriteByte  ds18b20.o
    0x08000fec   0x0000009c   Code   RO         3692    i.Ds18b20_Init      ds18b20.o
    0x08001088   0x00000068   Code   RO         3981    i.FBstep            max30100_filters.o
    0x080010f0   0x00000116   Code   RO         1307    i.GPIO_Init         stm32f10x_gpio.o
    0x08001206   0x00000004   Code   RO         1314    i.GPIO_ResetBits    stm32f10x_gpio.o
    0x0800120a   0x00000004   Code   RO         1315    i.GPIO_SetBits      stm32f10x_gpio.o
    0x0800120e   0x0000000a   Code   RO         1318    i.GPIO_WriteBit     stm32f10x_gpio.o
    0x08001218   0x000000a8   Code   RO         3595    i.GPS_USART2_Init   atgps.o
    0x080012c0   0x00000004   Code   RO         3245    i.HardFault_Handler  stm32f10x_it.o
    0x080012c4   0x0000004c   Code   RO         4174    i.IIC_Ack           myiic.o
    0x08001310   0x00000012   Code   RO         4176    i.IIC_Delay2        myiic.o
    0x08001322   0x00000002   PAD
    0x08001324   0x0000004c   Code   RO         4178    i.IIC_NAck          myiic.o
    0x08001370   0x0000006c   Code   RO         4179    i.IIC_Read_Byte     myiic.o
    0x080013dc   0x0000005c   Code   RO         4180    i.IIC_Send_Byte     myiic.o
    0x08001438   0x00000048   Code   RO         4181    i.IIC_Start         myiic.o
    0x08001480   0x00000048   Code   RO         4182    i.IIC_Stop          myiic.o
    0x080014c8   0x00000064   Code   RO         4183    i.IIC_Wait_Ack      myiic.o
    0x0800152c   0x00000030   Code   RO         3304    i.JTAG_Set          sys.o
    0x0800155c   0x0000001c   Code   RO         4484    i.M6312_Clear       m6312.o
    0x08001578   0x00000050   Code   RO         4485    i.M6312_GetIPD      m6312.o
    0x080015c8   0x00000390   Code   RO         4486    i.M6312_Init        m6312.o
    0x08001958   0x00000060   Code   RO         4487    i.M6312_SendCmd     m6312.o
    0x080019b8   0x00000048   Code   RO         4488    i.M6312_SendData    m6312.o
    0x08001a00   0x00000034   Code   RO         4489    i.M6312_WaitRecive  m6312.o
    0x08001a34   0x00000050   Code   RO         5055    i.MPU_Get_Accelerometer  mpu6050.o
    0x08001a84   0x0000004c   Code   RO         5133    i.MPU_IIC_Ack       mpuiic.o
    0x08001ad0   0x0000000a   Code   RO         5134    i.MPU_IIC_Delay     mpuiic.o
    0x08001ada   0x00000002   PAD
    0x08001adc   0x0000003c   Code   RO         5135    i.MPU_IIC_Init      mpuiic.o
    0x08001b18   0x0000004c   Code   RO         5136    i.MPU_IIC_NAck      mpuiic.o
    0x08001b64   0x0000006c   Code   RO         5137    i.MPU_IIC_Read_Byte  mpuiic.o
    0x08001bd0   0x0000005c   Code   RO         5138    i.MPU_IIC_Send_Byte  mpuiic.o
    0x08001c2c   0x00000048   Code   RO         5139    i.MPU_IIC_Start     mpuiic.o
    0x08001c74   0x00000048   Code   RO         5140    i.MPU_IIC_Stop      mpuiic.o
    0x08001cbc   0x00000064   Code   RO         5141    i.MPU_IIC_Wait_Ack  mpuiic.o
    0x08001d20   0x000000b4   Code   RO         5058    i.MPU_Init          mpu6050.o
    0x08001dd4   0x0000003a   Code   RO         5059    i.MPU_Read_Byte     mpu6050.o
    0x08001e0e   0x00000074   Code   RO         5060    i.MPU_Read_Len      mpu6050.o
    0x08001e82   0x00000010   Code   RO         5061    i.MPU_Set_Accel_Fsr  mpu6050.o
    0x08001e92   0x00000010   Code   RO         5062    i.MPU_Set_Gyro_Fsr  mpu6050.o
    0x08001ea2   0x0000003a   Code   RO         5063    i.MPU_Set_LPF       mpu6050.o
    0x08001edc   0x0000003a   Code   RO         5064    i.MPU_Set_Rate      mpu6050.o
    0x08001f16   0x00000044   Code   RO         5065    i.MPU_Write_Byte    mpu6050.o
    0x08001f5a   0x00000060   Code   RO         5066    i.MPU_Write_Len     mpu6050.o
    0x08001fba   0x0000001c   Code   RO         4243    i.MQTT_DeleteBuffer  mqttkit.o
    0x08001fd6   0x0000002e   Code   RO         4244    i.MQTT_DumpLength   mqttkit.o
    0x08002004   0x00000058   Code   RO         4245    i.MQTT_NewBuffer    mqttkit.o
    0x0800205c   0x0000008c   Code   RO         4246    i.MQTT_PacketCmdResp  mqttkit.o
    0x080020e8   0x000002a0   Code   RO         4247    i.MQTT_PacketConnect  mqttkit.o
    0x08002388   0x000001a2   Code   RO         4250    i.MQTT_PacketPublish  mqttkit.o
    0x0800252a   0x00000002   PAD
    0x0800252c   0x0000005c   Code   RO         4256    i.MQTT_PacketSaveData  mqttkit.o
    0x08002588   0x00000046   Code   RO         4259    i.MQTT_ReadLength   mqttkit.o
    0x080025ce   0x0000008c   Code   RO         4260    i.MQTT_UnPacketCmd  mqttkit.o
    0x0800265a   0x0000001e   Code   RO         4261    i.MQTT_UnPacketConnectAck  mqttkit.o
    0x08002678   0x0000001e   Code   RO         4263    i.MQTT_UnPacketPublishAck  mqttkit.o
    0x08002696   0x00000002   PAD
    0x08002698   0x00000074   Code   RO         4267    i.MQTT_UnPacketRecv  mqttkit.o
    0x0800270c   0x00000004   Code   RO         3246    i.MemManage_Handler  stm32f10x_it.o
    0x08002710   0x00000002   Code   RO         3247    i.NMI_Handler       stm32f10x_it.o
    0x08002712   0x00000002   PAD
    0x08002714   0x00000070   Code   RO          133    i.NVIC_Init         misc.o
    0x08002784   0x00000014   Code   RO          134    i.NVIC_PriorityGroupConfig  misc.o
    0x08002798   0x00000028   Code   RO         3659    i.NVIC_config       tim2.o
    0x080027c0   0x00000040   Code   RO         3739    i.OLED_Clear        oled.o
    0x08002800   0x0000017c   Code   RO         3743    i.OLED_Init         oled.o
    0x0800297c   0x0000002e   Code   RO         3744    i.OLED_Set_Pos      oled.o
    0x080029aa   0x00000002   PAD
    0x080029ac   0x000000a0   Code   RO         3124    i.OLED_Show         main.o
    0x08002a4c   0x00000068   Code   RO         3745    i.OLED_ShowCHinese  oled.o
    0x08002ab4   0x00000070   Code   RO         3746    i.OLED_ShowChar     oled.o
    0x08002b24   0x00000084   Code   RO         3747    i.OLED_ShowNum      oled.o
    0x08002ba8   0x00000036   Code   RO         3748    i.OLED_ShowString   oled.o
    0x08002bde   0x00000002   PAD
    0x08002be0   0x00000074   Code   RO         3749    i.OLED_WR_Byte      oled.o
    0x08002c54   0x00000230   Code   RO         4427    i.OneNet_DevLink    onenet.o
    0x08002e84   0x000000e8   Code   RO         4428    i.OneNet_FillBuf    onenet.o
    0x08002f6c   0x00000154   Code   RO         4430    i.OneNet_RevPro     onenet.o
    0x080030c0   0x000000e4   Code   RO         4431    i.OneNet_SendData   onenet.o
    0x080031a4   0x00000008   Code   RO         4030    i.POupdate          max30100_pulseoximeter.o
    0x080031ac   0x00000002   Code   RO         3248    i.PendSV_Handler    stm32f10x_it.o
    0x080031ae   0x00000002   PAD
    0x080031b0   0x00000020   Code   RO         1723    i.RCC_APB1PeriphClockCmd  stm32f10x_rcc.o
    0x080031d0   0x00000020   Code   RO         1724    i.RCC_APB1PeriphResetCmd  stm32f10x_rcc.o
    0x080031f0   0x00000020   Code   RO         1725    i.RCC_APB2PeriphClockCmd  stm32f10x_rcc.o
    0x08003210   0x00000020   Code   RO         1726    i.RCC_APB2PeriphResetCmd  stm32f10x_rcc.o
    0x08003230   0x000000d4   Code   RO         1733    i.RCC_GetClocksFreq  stm32f10x_rcc.o
    0x08003304   0x00000130   Code   RO         4138    i.SPO2update        max30100_spo2calculator.o
    0x08003434   0x00000002   Code   RO         3249    i.SVC_Handler       stm32f10x_it.o
    0x08003436   0x00000008   Code   RO           17    i.SetSysClock       system_stm32f10x.o
    0x0800343e   0x00000002   PAD
    0x08003440   0x000000e0   Code   RO           18    i.SetSysClockTo72   system_stm32f10x.o
    0x08003520   0x00000028   Code   RO          137    i.SysTick_CLKSourceConfig  misc.o
    0x08003548   0x00000060   Code   RO           20    i.SystemInit        system_stm32f10x.o
    0x080035a8   0x00000034   Code   RO         3660    i.TIM2_IRQHandler   tim2.o
    0x080035dc   0x00000028   Code   RO         3504    i.TIM3_IRQHandler   timer3.o
    0x08003604   0x00000060   Code   RO         3505    i.TIM3_Int_Init     timer3.o
    0x08003664   0x00000006   Code   RO         2351    i.TIM_ClearFlag     stm32f10x_tim.o
    0x0800366a   0x00000006   Code   RO         2352    i.TIM_ClearITPendingBit  stm32f10x_tim.o
    0x08003670   0x00000018   Code   RO         2357    i.TIM_Cmd           stm32f10x_tim.o
    0x08003688   0x000001e8   Code   RO         2362    i.TIM_DeInit        stm32f10x_tim.o
    0x08003870   0x00000022   Code   RO         2378    i.TIM_GetITStatus   stm32f10x_tim.o
    0x08003892   0x00000012   Code   RO         2382    i.TIM_ITConfig      stm32f10x_tim.o
    0x080038a4   0x000000a4   Code   RO         2428    i.TIM_TimeBaseInit  stm32f10x_tim.o
    0x08003948   0x000000a8   Code   RO         3537    i.UART1_Init        uart.o
    0x080039f0   0x0000004c   Code   RO         4490    i.USART1_IRQHandler  m6312.o
    0x08003a3c   0x00000098   Code   RO         3597    i.USART2_IRQHandler  atgps.o
    0x08003ad4   0x00000012   Code   RO         2889    i.USART_ClearFlag   stm32f10x_usart.o
    0x08003ae6   0x00000018   Code   RO         2893    i.USART_Cmd         stm32f10x_usart.o
    0x08003afe   0x00000002   PAD
    0x08003b00   0x0000009c   Code   RO         2895    i.USART_DeInit      stm32f10x_usart.o
    0x08003b9c   0x0000001a   Code   RO         2896    i.USART_GetFlagStatus  stm32f10x_usart.o
    0x08003bb6   0x00000054   Code   RO         2897    i.USART_GetITStatus  stm32f10x_usart.o
    0x08003c0a   0x0000004a   Code   RO         2899    i.USART_ITConfig    stm32f10x_usart.o
    0x08003c54   0x000000d8   Code   RO         2900    i.USART_Init        stm32f10x_usart.o
    0x08003d2c   0x0000000a   Code   RO         2907    i.USART_ReceiveData  stm32f10x_usart.o
    0x08003d36   0x00000008   Code   RO         2910    i.USART_SendData    stm32f10x_usart.o
    0x08003d3e   0x00000004   Code   RO         3250    i.UsageFault_Handler  stm32f10x_it.o
    0x08003d42   0x00000048   Code   RO         3539    i.UsartPrintf       uart.o
    0x08003d8a   0x00000032   Code   RO         3540    i.Usart_SendString  uart.o
    0x08003dbc   0x00000020   Code   RO         5497    i.__0printf         mc_w.l(printfa.o)
    0x08003ddc   0x00000028   Code   RO         5499    i.__0sprintf        mc_w.l(printfa.o)
    0x08003e04   0x00000024   Code   RO         5502    i.__0vsnprintf      mc_w.l(printfa.o)
    0x08003e28   0x00000028   Code   RO         5615    i.__ARM_fpclassify  m_ws.l(fpclassify.o)
    0x08003e50   0x00000008   Code   RO         5646    i.__aeabi_errno_addr  mc_w.l(errno.o)
    0x08003e58   0x000000aa   Code   RO         5617    i.__kernel_poly     m_ws.l(poly.o)
    0x08003f02   0x00000002   PAD
    0x08003f04   0x00000010   Code   RO         5601    i.__mathlib_dbl_divzero  m_ws.l(dunder.o)
    0x08003f14   0x00000006   Code   RO         5602    i.__mathlib_dbl_infnan  m_ws.l(dunder.o)
    0x08003f1a   0x00000004   Code   RO         5603    i.__mathlib_dbl_infnan2  m_ws.l(dunder.o)
    0x08003f1e   0x0000000c   Code   RO         5604    i.__mathlib_dbl_invalid  m_ws.l(dunder.o)
    0x08003f2a   0x0000000e   Code   RO         5605    i.__mathlib_dbl_overflow  m_ws.l(dunder.o)
    0x08003f38   0x00000010   Code   RO         5607    i.__mathlib_dbl_underflow  m_ws.l(dunder.o)
    0x08003f48   0x0000000e   Code   RO         5704    i.__scatterload_copy  mc_w.l(handlers.o)
    0x08003f56   0x00000002   Code   RO         5705    i.__scatterload_null  mc_w.l(handlers.o)
    0x08003f58   0x0000000e   Code   RO         5706    i.__scatterload_zeroinit  mc_w.l(handlers.o)
    0x08003f66   0x00000002   PAD
    0x08003f68   0x0000000c   Code   RO         5648    i.__set_errno       mc_w.l(errno.o)
    0x08003f74   0x00000164   Code   RO         5504    i._fp_digits        mc_w.l(printfa.o)
    0x080040d8   0x000006dc   Code   RO         5505    i._printf_core      mc_w.l(printfa.o)
    0x080047b4   0x00000024   Code   RO         5506    i._printf_post_padding  mc_w.l(printfa.o)
    0x080047d8   0x0000002e   Code   RO         5507    i._printf_pre_padding  mc_w.l(printfa.o)
    0x08004806   0x00000016   Code   RO         5508    i._snputc           mc_w.l(printfa.o)
    0x0800481c   0x0000000a   Code   RO         5509    i._sputc            mc_w.l(printfa.o)
    0x08004826   0x00000002   PAD
    0x08004828   0x000000a8   Code   RO         4536    i.accel_self_test   inv_mpu.o
    0x080048d0   0x0000000c   Code   RO         3922    i.addSample         max30100_beatdetector.o
    0x080048dc   0x00000270   Code   RO         5194    i.asin              m_ws.l(asin.o)
    0x08004b4c   0x00000220   Code   RO         5592    i.atan              m_ws.l(atan.o)
    0x08004d6c   0x00000180   Code   RO         5204    i.atan2             m_ws.l(atan2.o)
    0x08004eec   0x00000180   Code   RO         3923    i.checkForBeat      max30100_beatdetector.o
    0x0800506c   0x00000144   Code   RO         4035    i.checkSample       max30100_pulseoximeter.o
    0x080051b0   0x00000064   Code   RO         4873    i.decode_gesture    inv_mpu_dmp_motion_driver.o
    0x08005214   0x000000c4   Code   RO         3924    i.decreaseThreshold  max30100_beatdetector.o
    0x080052d8   0x00000044   Code   RO         3468    i.delay_init        delay.o
    0x0800531c   0x0000004c   Code   RO         3469    i.delay_ms          delay.o
    0x08005368   0x0000004c   Code   RO         3470    i.delay_us          delay.o
    0x080053b4   0x0000003c   Code   RO         4874    i.dmp_enable_6x_lp_quat  inv_mpu_dmp_motion_driver.o
    0x080053f0   0x0000021c   Code   RO         4875    i.dmp_enable_feature  inv_mpu_dmp_motion_driver.o
    0x0800560c   0x00000058   Code   RO         4876    i.dmp_enable_gyro_cal  inv_mpu_dmp_motion_driver.o
    0x08005664   0x0000003c   Code   RO         4877    i.dmp_enable_lp_quat  inv_mpu_dmp_motion_driver.o
    0x080056a0   0x00000018   Code   RO         4882    i.dmp_load_motion_driver_firmware  inv_mpu_dmp_motion_driver.o
    0x080056b8   0x000001cc   Code   RO         4883    i.dmp_read_fifo     inv_mpu_dmp_motion_driver.o
    0x08005884   0x00000130   Code   RO         4886    i.dmp_set_accel_bias  inv_mpu_dmp_motion_driver.o
    0x080059b4   0x00000070   Code   RO         4887    i.dmp_set_fifo_rate  inv_mpu_dmp_motion_driver.o
    0x08005a24   0x00000130   Code   RO         4888    i.dmp_set_gyro_bias  inv_mpu_dmp_motion_driver.o
    0x08005b54   0x00000138   Code   RO         4890    i.dmp_set_orientation  inv_mpu_dmp_motion_driver.o
    0x08005c8c   0x00000038   Code   RO         4893    i.dmp_set_shake_reject_thresh  inv_mpu_dmp_motion_driver.o
    0x08005cc4   0x00000026   Code   RO         4894    i.dmp_set_shake_reject_time  inv_mpu_dmp_motion_driver.o
    0x08005cea   0x00000026   Code   RO         4895    i.dmp_set_shake_reject_timeout  inv_mpu_dmp_motion_driver.o
    0x08005d10   0x00000046   Code   RO         4896    i.dmp_set_tap_axes  inv_mpu_dmp_motion_driver.o
    0x08005d56   0x00000026   Code   RO         4897    i.dmp_set_tap_count  inv_mpu_dmp_motion_driver.o
    0x08005d7c   0x000001a0   Code   RO         4898    i.dmp_set_tap_thresh  inv_mpu_dmp_motion_driver.o
    0x08005f1c   0x00000026   Code   RO         4899    i.dmp_set_tap_time  inv_mpu_dmp_motion_driver.o
    0x08005f42   0x00000026   Code   RO         4900    i.dmp_set_tap_time_multi  inv_mpu_dmp_motion_driver.o
    0x08005f68   0x00000024   Code   RO         3542    i.fputc             uart.o
    0x08005f8c   0x00000050   Code   RO         5525    i.free              mc_w.l(malloc.o)
    0x08005fdc   0x0000003c   Code   RO         3926    i.getRate           max30100_beatdetector.o
    0x08006018   0x0000000c   Code   RO         4140    i.getSpO2           max30100_spo2calculator.o
    0x08006024   0x000000b4   Code   RO         4537    i.get_accel_prod_shift  inv_mpu.o
    0x080060d8   0x00000470   Code   RO         4538    i.get_st_biases     inv_mpu.o
    0x08006548   0x00000110   Code   RO         4539    i.gyro_self_test    inv_mpu.o
    0x08006658   0x00000028   Code   RO         4540    i.inv_orientation_matrix_to_scalar  inv_mpu.o
    0x08006680   0x0000004e   Code   RO         4541    i.inv_row_2_scale   inv_mpu.o
    0x080066ce   0x00000002   PAD
    0x080066d0   0x0000035c   Code   RO         5212    i.log               m_ws.l(log.o)
    0x08006a2c   0x00000380   Code   RO         3125    i.main              main.o
    0x08006dac   0x0000006c   Code   RO         5526    i.malloc            mc_w.l(malloc.o)
    0x08006e18   0x00000002   Code   RO         4542    i.mget_ms           inv_mpu.o
    0x08006e1a   0x00000002   PAD
    0x08006e1c   0x0000000c   Code   RO         3506    i.millis            timer3.o
    0x08006e28   0x0000000e   Code   RO         3927    i.min               max30100_beatdetector.o
    0x08006e36   0x00000002   PAD
    0x08006e38   0x00000070   Code   RO         4543    i.mpu_configure_fifo  inv_mpu.o
    0x08006ea8   0x00000224   Code   RO         4544    i.mpu_dmp_get_data  inv_mpu.o
    0x080070cc   0x000000a0   Code   RO         4545    i.mpu_dmp_init      inv_mpu.o
    0x0800716c   0x0000004c   Code   RO         4546    i.mpu_get_accel_fsr  inv_mpu.o
    0x080071b8   0x00000054   Code   RO         4548    i.mpu_get_accel_sens  inv_mpu.o
    0x0800720c   0x00000010   Code   RO         4553    i.mpu_get_fifo_config  inv_mpu.o
    0x0800721c   0x00000044   Code   RO         4554    i.mpu_get_gyro_fsr  inv_mpu.o
    0x08007260   0x00000050   Code   RO         4556    i.mpu_get_gyro_sens  inv_mpu.o
    0x080072b0   0x00000050   Code   RO         4558    i.mpu_get_lpf       inv_mpu.o
    0x08007300   0x00000020   Code   RO         4560    i.mpu_get_sample_rate  inv_mpu.o
    0x08007320   0x000001f0   Code   RO         4562    i.mpu_init          inv_mpu.o
    0x08007510   0x000000b8   Code   RO         4563    i.mpu_load_firmware  inv_mpu.o
    0x080075c8   0x000000e0   Code   RO         4564    i.mpu_lp_accel_mode  inv_mpu.o
    0x080076a8   0x000000c0   Code   RO         4567    i.mpu_read_fifo_stream  inv_mpu.o
    0x08007768   0x00000080   Code   RO         4568    i.mpu_read_mem      inv_mpu.o
    0x080077e8   0x000001c8   Code   RO         4571    i.mpu_reset_fifo    inv_mpu.o
    0x080079b0   0x0000011c   Code   RO         4572    i.mpu_run_self_test  inv_mpu.o
    0x08007acc   0x00000084   Code   RO         4574    i.mpu_set_accel_fsr  inv_mpu.o
    0x08007b50   0x0000014c   Code   RO         4575    i.mpu_set_bypass    inv_mpu.o
    0x08007c9c   0x00000090   Code   RO         4577    i.mpu_set_dmp_state  inv_mpu.o
    0x08007d2c   0x00000088   Code   RO         4578    i.mpu_set_gyro_fsr  inv_mpu.o
    0x08007db4   0x0000006c   Code   RO         4579    i.mpu_set_int_latched  inv_mpu.o
    0x08007e20   0x00000084   Code   RO         4581    i.mpu_set_lpf       inv_mpu.o
    0x08007ea4   0x0000009c   Code   RO         4582    i.mpu_set_sample_rate  inv_mpu.o
    0x08007f40   0x000000d0   Code   RO         4583    i.mpu_set_sensors   inv_mpu.o
    0x08008010   0x00000080   Code   RO         4584    i.mpu_write_mem     inv_mpu.o
    0x08008090   0x00000016   Code   RO         3750    i.oled_pow          oled.o
    0x080080a6   0x00000002   Code   RO         4038    i.onBeatDetected1   max30100_pulseoximeter.o
    0x080080a8   0x000009d8   Code   RO         5222    i.pow               m_ws.l(pow.o)
    0x08008a80   0x00000038   Code   RO         3835    i.readFifoData      max30100.o
    0x08008ab8   0x0000002c   Code   RO         4141    i.reset             max30100_spo2calculator.o
    0x08008ae4   0x00000094   Code   RO         4585    i.run_self_test     inv_mpu.o
    0x08008b78   0x00000090   Code   RO         4586    i.set_int_enable    inv_mpu.o
    0x08008c08   0x0000004c   Code   RO         5232    i.sqrt              m_ws.l(sqrt.o)
    0x08008c54   0x0000002a   Code   RO         3984    i.step              max30100_filters.o
    0x08008c7e   0x00000056   Code   RO         3661    i.time2_config      tim2.o
    0x08008cd4   0x00000008   Code   RO         3841    i.update            max30100.o
    0x08008cdc   0x00000818   Data   RO         3751    .constdata          oled.o
    0x080094f4   0x00000050   Data   RO         4588    .constdata          inv_mpu.o
    0x08009544   0x00000bf6   Data   RO         4902    .constdata          inv_mpu_dmp_motion_driver.o
    0x0800a13a   0x00000006   PAD
    0x0800a140   0x00000050   Data   RO         5195    .constdata          m_ws.l(asin.o)
    0x0800a190   0x00000038   Data   RO         5213    .constdata          m_ws.l(log.o)
    0x0800a1c8   0x00000088   Data   RO         5223    .constdata          m_ws.l(pow.o)
    0x0800a250   0x00000098   Data   RO         5593    .constdata          m_ws.l(atan.o)
    0x0800a2e8   0x00000008   Data   RO         5619    .constdata          m_ws.l(qnan.o)
    0x0800a2f0   0x00000081   Data   RO         5671    .constdata          mc_w.l(ctype_o.o)
    0x0800a371   0x00000003   PAD
    0x0800a374   0x00000004   Data   RO         5672    .constdata          mc_w.l(ctype_o.o)
    0x0800a378   0x0000004d   Data   RO         4589    .conststring        inv_mpu.o
    0x0800a3c5   0x00000003   PAD
    0x0800a3c8   0x00000020   Data   RO         5702    Region$$Table       anon$$obj.o


    Execution Region RW_IRAM1 (Base: 0x20000000, Size: 0x00000de0, Max: 0x00005000, ABSOLUTE, COMPRESSED[0x00000218])

    Base Addr    Size         Type   Attr      Idx    E Section Name        Object

    0x20000000   0x00000014   Data   RW           21    .data               system_stm32f10x.o
    0x20000014   0x00000014   Data   RW         1753    .data               stm32f10x_rcc.o
    0x20000028   0x00000041   Data   RW         3127    .data               main.o
    0x20000069   0x00000001   PAD
    0x2000006a   0x00000004   Data   RW         3471    .data               delay.o
    0x2000006e   0x00000002   PAD
    0x20000070   0x00000004   Data   RW         3507    .data               timer3.o
    0x20000074   0x00000008   Data   RW         3544    .data               uart.o
    0x2000007c   0x00000004   Data   RW         3603    .data               atgps.o
    0x20000080   0x00000400   Data   RW         3752    .data               oled.o
    0x20000480   0x00000005   Data   RW         3842    .data               max30100.o
    0x20000485   0x00000003   PAD
    0x20000488   0x00000014   Data   RW         3928    .data               max30100_beatdetector.o
    0x2000049c   0x00000008   Data   RW         3985    .data               max30100_filters.o
    0x200004a4   0x00000033   Data   RW         4040    .data               max30100_pulseoximeter.o
    0x200004d7   0x00000001   PAD
    0x200004d8   0x0000003d   Data   RW         4142    .data               max30100_spo2calculator.o
    0x20000515   0x00000001   PAD
    0x20000516   0x00000004   Data   RW         4492    .data               m6312.o
    0x2000051a   0x00000002   PAD
    0x2000051c   0x00000035   Data   RW         4590    .data               inv_mpu.o
    0x20000551   0x00000003   PAD
    0x20000554   0x00000004   Data   RW         5644    .data               mc_w.l(mvars.o)
    0x20000558   0x00000004   Data   RW         5645    .data               mc_w.l(mvars.o)
    0x2000055c   0x00000004   Data   RW         5649    .data               mc_w.l(errno.o)
    0x20000560   0x0000002e   Zero   RW         3126    .bss                main.o
    0x2000058e   0x00000141   Zero   RW         3602    .bss                atgps.o
    0x200006cf   0x00000100   Zero   RW         4491    .bss                m6312.o
    0x200007cf   0x00000001   PAD
    0x200007d0   0x00000010   Zero   RW         4901    .bss                inv_mpu_dmp_motion_driver.o
    0x200007e0   0x00000200   Zero   RW         3498    HEAP                startup_stm32f10x_md.o
    0x200009e0   0x00000400   Zero   RW         3497    STACK               startup_stm32f10x_md.o


==============================================================================

Image component sizes


      Code (inc. data)   RO Data    RW Data    ZI Data      Debug   Object Name

       320         26          0          4        321       2931   atgps.o
         0          0          0          0          0       4540   core_cm3.o
       220         26          0          4          0       1863   delay.o
       482         44          0          0          0       3583   ds18b20.o
      6864        290        157         53          0      32148   inv_mpu.o
      3096        122       3062          0         16      21318   inv_mpu_dmp_motion_driver.o
      1316        536          0          4        256       5725   m6312.o
      1056        146          0         65         46       2915   main.o
       162         10          0          5          0       3080   max30100.o
       666         86          0         20          0       4688   max30100_beatdetector.o
       146         22          0          8          0       1964   max30100_filters.o
       438         50          0         51          0       5233   max30100_pulseoximeter.o
       360         64          0         61          0       2906   max30100_spo2calculator.o
       172         22          0          0          0     205545   misc.o
       746         12          0          0          0       7339   mpu6050.o
       666        102          0          0          0       5098   mpuiic.o
      1870         28          0          0          0      13365   mqttkit.o
       614         94          0          0          0       4480   myiic.o
      1030         28       2072       1024          0       7331   oled.o
      1360        670          0          0          0       5954   onenet.o
        36          8        236          0       1536        832   startup_stm32f10x_md.o
       296          0          0          0          0       3676   stm32f10x_gpio.o
        24          0          0          0          0       3708   stm32f10x_it.o
       340         44          0         20          0       5680   stm32f10x_rcc.o
       740        106          0          0          0       4995   stm32f10x_tim.o
       616         28          0          0          0       7478   stm32f10x_usart.o
        48         10          0          0          0     202067   sys.o
       328         28          0         20          0      48993   system_stm32f10x.o
       178         10          0          0          0       1575   tim2.o
       148         20          0          4          0       1959   timer3.o
       326         12          0          8          0       5573   uart.o

    ----------------------------------------------------------------------
     24692       2644       5568       1364       2176     628542   Object Totals
         0          0         32          0          0          0   (incl. Generated)
        28          0          9         13          1          0   (incl. Padding)

    ----------------------------------------------------------------------

      Code (inc. data)   RO Data    RW Data    ZI Data      Debug   Library Member Name

       624         52         80          0          0        168   asin.o
       544         70        152          0          0        124   atan.o
       384         38          0          0          0        144   atan2.o
        68         10          0          0          0        408   dunder.o
        40          0          0          0          0         68   fpclassify.o
       860         52         56          0          0        256   log.o
       170          0          0          0          0         96   poly.o
      2520        190        136          0          0        324   pow.o
         0          0          8          0          0          0   qnan.o
        76          0          0          0          0         84   sqrt.o
        86          0          0          0          0          0   __dczerorl2.o
        28          0          0          0          0         68   _chval.o
       158          0          0          0          0         92   _strtoul.o
        26          0          0          0          0         80   atoi.o
         8          4        133          0          0         68   ctype_o.o
         0          0          0          0          0          0   entry.o
         0          0          0          0          0          0   entry10a.o
         0          0          0          0          0          0   entry11a.o
         8          4          0          0          0          0   entry2.o
         4          0          0          0          0          0   entry5.o
         0          0          0          0          0          0   entry7b.o
         0          0          0          0          0          0   entry8b.o
         8          4          0          0          0          0   entry9a.o
        20         10          0          4          0        136   errno.o
        30          0          0          0          0          0   handlers.o
        36          8          0          0          0         68   init.o
         0          0          0          0          0          0   iusefp.o
        98          0          0          0          0         84   ldiv.o
        30          0          0          0          0         68   llshl.o
        36          0          0          0          0         68   llsshr.o
        32          0          0          0          0         68   llushr.o
       188         20          0          0          0        160   malloc.o
        26          0          0          0          0         80   memcmp.o
        36          0          0          0          0         68   memcpya.o
        36          0          0          0          0        108   memseta.o
         0          0          0          8          0          0   mvars.o
      2334        100          0          0          0        744   printfa.o
        24          0          0          0          0         68   strcat.o
        20          0          0          0          0         68   strchr.o
        18          0          0          0          0         68   strcpy.o
        14          0          0          0          0         68   strlen.o
        40          0          0          0          0         76   strncat.o
        36          0          0          0          0         80   strstr.o
       112          0          0          0          0         88   strtol.o
        44          0          0          0          0         80   uidiv.o
        98          0          0          0          0         92   uldiv.o
        48          0          0          0          0         68   cdcmple.o
        48          0          0          0          0         68   cdrcmple.o
        20          0          0          0          0         68   cfcmple.o
        20          0          0          0          0         68   cfrcmple.o
        56          0          0          0          0         88   d2f.o
       334          0          0          0          0        148   dadd.o
       222          0          0          0          0        100   ddiv.o
       186          0          0          0          0        176   depilogue.o
        62          0          0          0          0         80   dfixi.o
        48          0          0          0          0         68   dfixul.o
        34          0          0          0          0         76   dflti.o
        26          0          0          0          0         76   dfltui.o
       228          0          0          0          0         96   dmul.o
        46          0          0          0          0         80   dscalb.o
       162          0          0          0          0        100   dsqrt.o
        38          0          0          0          0         68   f2d.o
       176          0          0          0          0        140   fadd.o
       124          0          0          0          0         88   fdiv.o
       110          0          0          0          0        168   fepilogue.o
        50          0          0          0          0         68   ffixi.o
        40          0          0          0          0         68   ffixui.o
        18          0          0          0          0         68   fflti.o
        10          0          0          0          0         68   ffltui.o
       100          0          0          0          0         76   fmul.o

    ----------------------------------------------------------------------
     11132        562        568         12          0       6492   Library Totals
         6          0          3          0          0          0   (incl. Padding)

    ----------------------------------------------------------------------

      Code (inc. data)   RO Data    RW Data    ZI Data      Debug   Library Name

      5286        412        432          0          0       1672   m_ws.l
      3634        150        133         12          0       2648   mc_w.l
      2206          0          0          0          0       2172   mf_w.l

    ----------------------------------------------------------------------
     11132        562        568         12          0       6492   Library Totals

    ----------------------------------------------------------------------

==============================================================================


      Code (inc. data)   RO Data    RW Data    ZI Data      Debug   

     35824       3206       6136       1376       2176     621850   Grand Totals
     35824       3206       6136        536       2176     621850   ELF Image Totals (compressed)
     35824       3206       6136        536          0          0   ROM Totals

==============================================================================

    Total RO  Size (Code + RO Data)                41960 (  40.98kB)
    Total RW  Size (RW Data + ZI Data)              3552 (   3.47kB)
    Total ROM Size (Code + RO Data + RW Data)      42496 (  41.50kB)

==============================================================================

