<html>
<body>
<pre>
<h1>礦ision Build Log</h1>
<h2>Tool Versions:</h2>
IDE-Version: μVision V5.18.0.0
Copyright (C) 2016 ARM Ltd and ARM Germany GmbH. All rights reserved.
License Information: zc zc, zc, LIC=0VRJ7-E8MB1-5BFEB-2LCW3-R87H5-BMFTA
 
Tool Versions:
Toolchain:       MDK-ARM Professional  Version: 5.18
Toolchain Path:  H:\keil\ARM\ARMCC\Bin
C Compiler:      Armcc.exe V5.06 update 1 (build 61)
Assembler:       Armasm.exe V5.06 update 1 (build 61)
Linker/Locator:  ArmLink.exe V5.06 update 1 (build 61)
Library Manager: ArmAr.exe V5.06 update 1 (build 61)
Hex Converter:   FromElf.exe V5.06 update 1 (build 61)
CPU DLL:         SARMCM3.DLL V5.18
Dialog DLL:      DCM.DLL V1.13.6.0
Target DLL:      STLink\ST-LINKIII-KEIL_SWO.dll V2.0.18.0
Dialog DLL:      TCM.DLL V1.14.8.0
 
<h2>Project:</h2>
H:\智能老人摔倒检测系统\智能老人摔倒检测系统\单片机源码\hzp_demo\hzp_demo\xiaopang\human_detection.uvprojx
Project File Date:  12/01/2021

<h2>Output:</h2>
*** Using Compiler 'V5.06 update 1 (build 61)', folder: 'H:\keil\ARM\ARMCC\Bin'
Rebuild target 'temp'
compiling system_stm32f10x.c...
compiling misc.c...
compiling stm32f10x_cec.c...
compiling stm32f10x_bkp.c...
compiling stm32f10x_adc.c...
compiling stm32f10x_can.c...
compiling stm32f10x_dbgmcu.c...
compiling stm32f10x_exti.c...
compiling stm32f10x_crc.c...
compiling stm32f10x_dma.c...
compiling stm32f10x_dac.c...
compiling stm32f10x_flash.c...
compiling stm32f10x_gpio.c...
compiling stm32f10x_pwr.c...
compiling stm32f10x_sdio.c...
compiling stm32f10x_iwdg.c...
compiling stm32f10x_rtc.c...
compiling stm32f10x_rcc.c...
compiling stm32f10x_i2c.c...
compiling stm32f10x_fsmc.c...
compiling stm32f10x_it.c...
compiling stm32f10x_wwdg.c...
compiling stm32f10x_usart.c...
compiling stm32f10x_spi.c...
assembling startup_stm32f10x_md.s...
compiling timer3.c...
compiling main.c...
compiling delay.c...
compiling stm32f10x_tim.c...
compiling DS18B20.c...
compiling uart.c...
compiling tim2.c...
compiling ATGPS.c...
compiling oled.c...
compiling MAX30100_Filters.c...
compiling MAX30100_BeatDetector.c...
compiling MAX30100.c...
compiling MAX30100_SpO2Calculator.c...
compiling MAX30100_PulseOximeter.c...
compiling myiic.c...
compiling MqttKit.c...
compiling m6312.c...
compiling onenet.c...
compiling sys.c...
compiling inv_mpu_dmp_motion_driver.c...
compiling inv_mpu.c...
compiling mpu6050.c...
compiling mpuiic.c...
compiling core_cm3.c...
linking...
Program Size: Code=35824 RO-data=6136 RW-data=1376 ZI-data=2176  
FromELF: creating hex file...
".\Objects\Pulse_Generator.axf" - 0 Error(s), 0 Warning(s).
Build Time Elapsed:  00:00:10
</pre>
</body>
</html>
